
======================================================================
D_cifar10_fedavg_dir0.1_adaptive_eps8_s0  started 2026-08-19 00:16:41
config: experiments/phase_d/D_cifar10_fedavg_dir0.1_adaptive_eps8_s0.yaml
======================================================================
[D_cifar10_fedavg_dir0.1_adaptive_eps8_s0] model params: 189,130 | train 20000 test 5000
[D_cifar10_fedavg_dir0.1_adaptive_eps8_s0] partition dirichlet | HD mean=0.6282 max=0.8269 | sizes[88,3591]
[D_cifar10_fedavg_dir0.1_adaptive_eps8_s0] DP ON | granularity=sample | schedule=decreasing | target eps=8.0 delta=1e-05 C=1.0
[D_cifar10_fedavg_dir0.1_adaptive_eps8_s0] strategy=fedavg
    DP client  0: n=  494 q=0.1296 steps=   960 sigma=2.6928 -> eps=7.996
    DP client  1: n=   88 q=0.7273 steps=   240 sigma=7.2319 -> eps=7.993
    DP client  2: n= 2251 q=0.0284 steps=  4320 sigma=1.3913 -> eps=8.007
    DP client  3: n=  296 q=0.2162 steps=   600 sigma=3.4904 -> eps=8.003
    DP client  4: n= 1073 q=0.0596 steps=  2040 sigma=1.8807 -> eps=8.002
    DP client  5: n=  161 q=0.3975 steps=   360 sigma=4.8971 -> eps=8.002
    DP client  6: n= 2501 q=0.0256 steps=  4800 sigma=1.3369 -> eps=8.001
    DP client  7: n=  756 q=0.0847 steps=  1440 sigma=2.1961 -> eps=8.003
    DP client  8: n= 2667 q=0.0240 steps=  5040 sigma=1.2970 -> eps=8.008
    DP client  9: n= 1336 q=0.0479 steps=  2520 sigma=1.7067 -> eps=8.005
    DP client 10: n=  714 q=0.0896 steps=  1440 sigma=2.3121 -> eps=7.997
    DP client 11: n= 2868 q=0.0223 steps=  5400 sigma=1.2626 -> eps=7.991
    DP client 12: n=  240 q=0.2667 steps=   480 sigma=3.8312 -> eps=8.007
    DP client 13: n=  964 q=0.0664 steps=  1920 sigma=2.0112 -> eps=7.994
    DP client 14: n= 3591 q=0.0178 steps=  6840 sigma=1.1683 -> eps=8.004
    time-adaptive schedule 'decreasing': shape 0.817 to 1.226, scale calibrated per client against the accountant
      client  0: sigma 2.207-3.310 -> realised eps=7.9973 against a target of 8.0
      client  1: sigma 5.908-8.862 -> realised eps=7.9982 against a target of 8.0
      client  2: sigma 1.148-1.723 -> realised eps=7.9987 against a target of 8.0
      client 14: sigma 0.968-1.451 -> realised eps=8.0001 against a target of 8.0
  round   1  test_acc=0.0944  client_acc_var=0.01452
  round   2  test_acc=0.1030  client_acc_var=0.02282
  round   3  test_acc=0.1058  client_acc_var=0.02255
  round   4  test_acc=0.1068  client_acc_var=0.02166
  round   5  test_acc=0.1096  client_acc_var=0.02117
  round   6  test_acc=0.1156  client_acc_var=0.02015
  round   7  test_acc=0.1144  client_acc_var=0.02091
  round   8  test_acc=0.1206  client_acc_var=0.01954
  round   9  test_acc=0.1172  client_acc_var=0.02008
  round  10  test_acc=0.1218  client_acc_var=0.02003
  round  11  test_acc=0.1298  client_acc_var=0.01979
  round  12  test_acc=0.1448  client_acc_var=0.01845
  round  13  test_acc=0.1408  client_acc_var=0.01903
  round  14  test_acc=0.1468  client_acc_var=0.01723
  round  15  test_acc=0.1416  client_acc_var=0.01836
  round  16  test_acc=0.1572  client_acc_var=0.01516
  round  17  test_acc=0.1660  client_acc_var=0.01385
  round  18  test_acc=0.1758  client_acc_var=0.01455
  round  19  test_acc=0.1880  client_acc_var=0.01013
  round  20  test_acc=0.1858  client_acc_var=0.01202
  round  21  test_acc=0.1912  client_acc_var=0.01081
  round  22  test_acc=0.2034  client_acc_var=0.00924
  round  23  test_acc=0.2048  client_acc_var=0.00997
  round  24  test_acc=0.2048  client_acc_var=0.00862
  round  25  test_acc=0.2074  client_acc_var=0.00993
  round  26  test_acc=0.2184  client_acc_var=0.00735
  round  27  test_acc=0.2126  client_acc_var=0.00960
  round  28  test_acc=0.2176  client_acc_var=0.00876
  round  29  test_acc=0.2176  client_acc_var=0.00896
  round  30  test_acc=0.2254  client_acc_var=0.00798
  round  31  test_acc=0.2234  client_acc_var=0.00861
  round  32  test_acc=0.2224  client_acc_var=0.00840
  round  33  test_acc=0.2258  client_acc_var=0.00836
  round  34  test_acc=0.2244  client_acc_var=0.00836
  round  35  test_acc=0.2306  client_acc_var=0.00792
  round  36  test_acc=0.2294  client_acc_var=0.00842
  round  37  test_acc=0.2246  client_acc_var=0.00943
  round  38  test_acc=0.2316  client_acc_var=0.00828
  round  39  test_acc=0.2342  client_acc_var=0.00818
  round  40  test_acc=0.2316  client_acc_var=0.00837
  round  41  test_acc=0.2418  client_acc_var=0.00745
  round  42  test_acc=0.2354  client_acc_var=0.00794
  round  43  test_acc=0.2340  client_acc_var=0.00893
  round  44  test_acc=0.2402  client_acc_var=0.00744
  round  45  test_acc=0.2394  client_acc_var=0.00778
  round  46  test_acc=0.2368  client_acc_var=0.00739
  round  47  test_acc=0.2416  client_acc_var=0.00762
  round  48  test_acc=0.2412  client_acc_var=0.00789
  round  49  test_acc=0.2460  client_acc_var=0.00767
  round  50  test_acc=0.2428  client_acc_var=0.00741
  round  51  test_acc=0.2480  client_acc_var=0.00820
  round  52  test_acc=0.2468  client_acc_var=0.00757
  round  53  test_acc=0.2506  client_acc_var=0.00672
  round  54  test_acc=0.2458  client_acc_var=0.00710
  round  55  test_acc=0.2458  client_acc_var=0.00765
  round  56  test_acc=0.2532  client_acc_var=0.00696
  round  57  test_acc=0.2566  client_acc_var=0.00683
  round  58  test_acc=0.2542  client_acc_var=0.00737
  round  59  test_acc=0.2492  client_acc_var=0.00799
  round  60  test_acc=0.2552  client_acc_var=0.00744
[D_cifar10_fedavg_dir0.1_adaptive_eps8_s0] wall-clock: 67.8 min (67.8 s/round)
[D_cifar10_fedavg_dir0.1_adaptive_eps8_s0] done -> /Users/abdul/Documents/MSc. Project/fl-privacy-noniid/results/D_cifar10_fedavg_dir0.1_adaptive_eps8_s0
