
======================================================================
D_cifar10_fedavg_dir0.1_none_s0  started 2026-08-18 01:18:38
config: experiments/phase_d/D_cifar10_fedavg_dir0.1_none_s0.yaml
======================================================================
[D_cifar10_fedavg_dir0.1_none_s0] model params: 189,130 | train 20000 test 5000
[D_cifar10_fedavg_dir0.1_none_s0] partition dirichlet | HD mean=0.6282 max=0.8269 | sizes[88,3591]
[D_cifar10_fedavg_dir0.1_none_s0] strategy=fedavg
  round   1  test_acc=0.1512  client_acc_var=0.01844
  round   2  test_acc=0.1836  client_acc_var=0.02248
  round   3  test_acc=0.1850  client_acc_var=0.02899
  round   4  test_acc=0.2066  client_acc_var=0.02739
  round   5  test_acc=0.2276  client_acc_var=0.02996
  round   6  test_acc=0.2324  client_acc_var=0.03316
  round   7  test_acc=0.2546  client_acc_var=0.02925
  round   8  test_acc=0.2650  client_acc_var=0.02629
  round   9  test_acc=0.2774  client_acc_var=0.02379
  round  10  test_acc=0.2776  client_acc_var=0.02755
  round  11  test_acc=0.2844  client_acc_var=0.02605
  round  12  test_acc=0.2878  client_acc_var=0.02634
  round  13  test_acc=0.3080  client_acc_var=0.01737
  round  14  test_acc=0.3060  client_acc_var=0.01950
  round  15  test_acc=0.3158  client_acc_var=0.02232
  round  16  test_acc=0.2922  client_acc_var=0.02684
  round  17  test_acc=0.3248  client_acc_var=0.01891
  round  18  test_acc=0.3210  client_acc_var=0.02160
  round  19  test_acc=0.3378  client_acc_var=0.01933
  round  20  test_acc=0.3414  client_acc_var=0.01474
  round  21  test_acc=0.3404  client_acc_var=0.01590
  round  22  test_acc=0.3200  client_acc_var=0.02570
  round  23  test_acc=0.3318  client_acc_var=0.02498
  round  24  test_acc=0.3402  client_acc_var=0.01917
  round  25  test_acc=0.3628  client_acc_var=0.01278
  round  26  test_acc=0.3576  client_acc_var=0.01746
  round  27  test_acc=0.3634  client_acc_var=0.00916
  round  28  test_acc=0.3658  client_acc_var=0.01647
  round  29  test_acc=0.3820  client_acc_var=0.00951
  round  30  test_acc=0.3704  client_acc_var=0.01237
  round  31  test_acc=0.3818  client_acc_var=0.01433
  round  32  test_acc=0.3814  client_acc_var=0.01460
  round  33  test_acc=0.3604  client_acc_var=0.01677
  round  34  test_acc=0.3906  client_acc_var=0.01016
  round  35  test_acc=0.3856  client_acc_var=0.01231
  round  36  test_acc=0.3888  client_acc_var=0.01055
  round  37  test_acc=0.3964  client_acc_var=0.00907
  round  38  test_acc=0.3852  client_acc_var=0.01120
  round  39  test_acc=0.4096  client_acc_var=0.00615
  round  40  test_acc=0.3848  client_acc_var=0.01252
  round  41  test_acc=0.3838  client_acc_var=0.01386
  round  42  test_acc=0.3992  client_acc_var=0.01253
  round  43  test_acc=0.4100  client_acc_var=0.00779
  round  44  test_acc=0.4214  client_acc_var=0.00439
  round  45  test_acc=0.4092  client_acc_var=0.00970
  round  46  test_acc=0.3986  client_acc_var=0.01537
  round  47  test_acc=0.4110  client_acc_var=0.00862
  round  48  test_acc=0.4202  client_acc_var=0.00640
  round  49  test_acc=0.4128  client_acc_var=0.00792
  round  50  test_acc=0.3992  client_acc_var=0.01270
  round  51  test_acc=0.4270  client_acc_var=0.00717
  round  52  test_acc=0.4114  client_acc_var=0.00866
  round  53  test_acc=0.4120  client_acc_var=0.01146
  round  54  test_acc=0.4184  client_acc_var=0.01069
  round  55  test_acc=0.4226  client_acc_var=0.00643
  round  56  test_acc=0.4028  client_acc_var=0.01150
  round  57  test_acc=0.4202  client_acc_var=0.00981
  round  58  test_acc=0.4176  client_acc_var=0.00788
  round  59  test_acc=0.4184  client_acc_var=0.00942
  round  60  test_acc=0.4342  client_acc_var=0.00640
[D_cifar10_fedavg_dir0.1_none_s0] wall-clock: 41.2 min (41.2 s/round)
[D_cifar10_fedavg_dir0.1_none_s0] done -> /Users/abdul/Documents/MSc. Project/fl-privacy-noniid/results/D_cifar10_fedavg_dir0.1_none_s0

======================================================================
D_cifar10_fedavg_dir0.1_none_s0  started 2026-08-18 10:26:20
config: experiments/phase_d/D_cifar10_fedavg_dir0.1_none_s0.yaml
======================================================================
[D_cifar10_fedavg_dir0.1_none_s0] model params: 189,130 | train 20000 test 5000
[D_cifar10_fedavg_dir0.1_none_s0] partition dirichlet | HD mean=0.6282 max=0.8269 | sizes[88,3591]
[D_cifar10_fedavg_dir0.1_none_s0] resuming from round 60
[D_cifar10_fedavg_dir0.1_none_s0] strategy=fedavg
[D_cifar10_fedavg_dir0.1_none_s0] wall-clock: 0.0 min (0.0 s/round)
[D_cifar10_fedavg_dir0.1_none_s0] done -> /Users/abdul/Documents/MSc. Project/fl-privacy-noniid/results/D_cifar10_fedavg_dir0.1_none_s0
