
======================================================================
C_cifar10_fedavg_dir0.1_plain_s0  started 2026-08-16 22:46:42
config: experiments/phase_c/C_cifar10_fedavg_dir0.1_plain_s0.yaml
======================================================================
[C_cifar10_fedavg_dir0.1_plain_s0] model params: 189,130 | train 20000 test 5000
[C_cifar10_fedavg_dir0.1_plain_s0] partition dirichlet | HD mean=0.6282 max=0.8269 | sizes[88,3591]
[C_cifar10_fedavg_dir0.1_plain_s0] strategy=fedavg
  round   1  test_acc=0.1512  client_acc_var=0.01844
  round   2  test_acc=0.1836  client_acc_var=0.02248
  round   3  test_acc=0.1850  client_acc_var=0.02899
  round   4  test_acc=0.2066  client_acc_var=0.02739
  round   5  test_acc=0.2276  client_acc_var=0.02996
  round   6  test_acc=0.2324  client_acc_var=0.03316
  round   7  test_acc=0.2546  client_acc_var=0.02925
  round   8  test_acc=0.2650  client_acc_var=0.02629
  round   9  test_acc=0.2774  client_acc_var=0.02379
  round  10  test_acc=0.2776  client_acc_var=0.02755
  round  11  test_acc=0.2844  client_acc_var=0.02605
  round  12  test_acc=0.2878  client_acc_var=0.02634
  round  13  test_acc=0.3080  client_acc_var=0.01737
  round  14  test_acc=0.3060  client_acc_var=0.01950
  round  15  test_acc=0.3158  client_acc_var=0.02232
  round  16  test_acc=0.2922  client_acc_var=0.02684
  round  17  test_acc=0.3248  client_acc_var=0.01891
  round  18  test_acc=0.3210  client_acc_var=0.02160
  round  19  test_acc=0.3378  client_acc_var=0.01933
  round  20  test_acc=0.3414  client_acc_var=0.01474
  round  21  test_acc=0.3404  client_acc_var=0.01590
  round  22  test_acc=0.3200  client_acc_var=0.02570
  round  23  test_acc=0.3318  client_acc_var=0.02498
  round  24  test_acc=0.3402  client_acc_var=0.01917
  round  25  test_acc=0.3628  client_acc_var=0.01278
  round  26  test_acc=0.3576  client_acc_var=0.01746
  round  27  test_acc=0.3634  client_acc_var=0.00916
  round  28  test_acc=0.3658  client_acc_var=0.01647
  round  29  test_acc=0.3820  client_acc_var=0.00951
  round  30  test_acc=0.3704  client_acc_var=0.01237
  round  31  test_acc=0.3818  client_acc_var=0.01433
  round  32  test_acc=0.3814  client_acc_var=0.01460
  round  33  test_acc=0.3604  client_acc_var=0.01677
  round  34  test_acc=0.3906  client_acc_var=0.01016
  round  35  test_acc=0.3856  client_acc_var=0.01231
  round  36  test_acc=0.3888  client_acc_var=0.01055
  round  37  test_acc=0.3964  client_acc_var=0.00907
  round  38  test_acc=0.3852  client_acc_var=0.01120
  round  39  test_acc=0.4096  client_acc_var=0.00615
  round  40  test_acc=0.3848  client_acc_var=0.01252
  round  41  test_acc=0.3838  client_acc_var=0.01386
  round  42  test_acc=0.3992  client_acc_var=0.01253
  round  43  test_acc=0.4100  client_acc_var=0.00779
  round  44  test_acc=0.4214  client_acc_var=0.00439
  round  45  test_acc=0.4092  client_acc_var=0.00970
  round  46  test_acc=0.3986  client_acc_var=0.01537
  round  47  test_acc=0.4110  client_acc_var=0.00862
  round  48  test_acc=0.4202  client_acc_var=0.00640
  round  49  test_acc=0.4128  client_acc_var=0.00792
  round  50  test_acc=0.3992  client_acc_var=0.01270
  round  51  test_acc=0.4270  client_acc_var=0.00717
  round  52  test_acc=0.4114  client_acc_var=0.00866
  round  53  test_acc=0.4120  client_acc_var=0.01146
  round  54  test_acc=0.4184  client_acc_var=0.01069
  round  55  test_acc=0.4226  client_acc_var=0.00643
  round  56  test_acc=0.4028  client_acc_var=0.01150
  round  57  test_acc=0.4202  client_acc_var=0.00981
  round  58  test_acc=0.4176  client_acc_var=0.00788
  round  59  test_acc=0.4184  client_acc_var=0.00942
  round  60  test_acc=0.4342  client_acc_var=0.00640
[C_cifar10_fedavg_dir0.1_plain_s0] wall-clock: 41.6 min (41.6 s/round)
[C_cifar10_fedavg_dir0.1_plain_s0] done -> /Users/abdul/Documents/MSc. Project/fl-privacy-noniid/results/C_cifar10_fedavg_dir0.1_plain_s0

======================================================================
C_cifar10_fedavg_dir0.1_secagg_s0  started 2026-08-16 23:28:28
config: experiments/phase_c/C_cifar10_fedavg_dir0.1_secagg_s0.yaml
======================================================================
[C_cifar10_fedavg_dir0.1_secagg_s0] model params: 189,130 | train 20000 test 5000
[C_cifar10_fedavg_dir0.1_secagg_s0] partition dirichlet | HD mean=0.6282 max=0.8269 | sizes[88,3591]
[C_cifar10_fedavg_dir0.1_secagg_s0] secure aggregation on: pairwise masking
[C_cifar10_fedavg_dir0.1_secagg_s0] strategy=fedavg
    secure aggregation ON: pairwise masking over 15 clients, 105 pairs per round
  round   1  test_acc=0.1512  client_acc_var=0.01844
  round   2  test_acc=0.1864  client_acc_var=0.02142
  round   3  test_acc=0.1848  client_acc_var=0.02890
  round   4  test_acc=0.2058  client_acc_var=0.02719
  round   5  test_acc=0.2222  client_acc_var=0.03078
  round   6  test_acc=0.2326  client_acc_var=0.03229
  round   7  test_acc=0.2540  client_acc_var=0.02951
  round   8  test_acc=0.2638  client_acc_var=0.02627
  round   9  test_acc=0.2780  client_acc_var=0.02390
  round  10  test_acc=0.2796  client_acc_var=0.02687
  round  11  test_acc=0.2840  client_acc_var=0.02719
  round  12  test_acc=0.2898  client_acc_var=0.02555
  round  13  test_acc=0.3094  client_acc_var=0.01661
  round  14  test_acc=0.3030  client_acc_var=0.02015
  round  15  test_acc=0.3140  client_acc_var=0.02195
  round  16  test_acc=0.2936  client_acc_var=0.02696
  round  17  test_acc=0.3254  client_acc_var=0.01865
  round  18  test_acc=0.3210  client_acc_var=0.02204
  round  19  test_acc=0.3384  client_acc_var=0.01944
  round  20  test_acc=0.3434  client_acc_var=0.01578
  round  21  test_acc=0.3414  client_acc_var=0.01535
  round  22  test_acc=0.3190  client_acc_var=0.02533
  round  23  test_acc=0.3310  client_acc_var=0.02620
  round  24  test_acc=0.3398  client_acc_var=0.01946
  round  25  test_acc=0.3598  client_acc_var=0.01359
  round  26  test_acc=0.3568  client_acc_var=0.01786
  round  27  test_acc=0.3642  client_acc_var=0.00926
  round  28  test_acc=0.3652  client_acc_var=0.01646
  round  29  test_acc=0.3792  client_acc_var=0.00956
  round  30  test_acc=0.3690  client_acc_var=0.01349
  round  31  test_acc=0.3784  client_acc_var=0.01462
  round  32  test_acc=0.3776  client_acc_var=0.01474
  round  33  test_acc=0.3626  client_acc_var=0.01686
  round  34  test_acc=0.3914  client_acc_var=0.01077
  round  35  test_acc=0.3830  client_acc_var=0.01271
  round  36  test_acc=0.3866  client_acc_var=0.01062
  round  37  test_acc=0.3954  client_acc_var=0.00946
  round  38  test_acc=0.3824  client_acc_var=0.01081
  round  39  test_acc=0.4118  client_acc_var=0.00646
  round  40  test_acc=0.3862  client_acc_var=0.01264
  round  41  test_acc=0.3862  client_acc_var=0.01460
  round  42  test_acc=0.4062  client_acc_var=0.01126
  round  43  test_acc=0.4090  client_acc_var=0.00868
  round  44  test_acc=0.4214  client_acc_var=0.00449
  round  45  test_acc=0.4116  client_acc_var=0.00961
  round  46  test_acc=0.3978  client_acc_var=0.01523
  round  47  test_acc=0.4080  client_acc_var=0.00899
  round  48  test_acc=0.4196  client_acc_var=0.00689
  round  49  test_acc=0.4138  client_acc_var=0.00818
  round  50  test_acc=0.4010  client_acc_var=0.01226
  round  51  test_acc=0.4204  client_acc_var=0.00742
  round  52  test_acc=0.4114  client_acc_var=0.00875
  round  53  test_acc=0.4098  client_acc_var=0.01193
  round  54  test_acc=0.4192  client_acc_var=0.01001
  round  55  test_acc=0.4222  client_acc_var=0.00658
  round  56  test_acc=0.3978  client_acc_var=0.01356
  round  57  test_acc=0.4244  client_acc_var=0.00923
  round  58  test_acc=0.4188  client_acc_var=0.00761
  round  59  test_acc=0.4200  client_acc_var=0.00853
  round  60  test_acc=0.4322  client_acc_var=0.00709
[C_cifar10_fedavg_dir0.1_secagg_s0] wall-clock: 41.9 min (41.9 s/round)
[C_cifar10_fedavg_dir0.1_secagg_s0] done -> /Users/abdul/Documents/MSc. Project/fl-privacy-noniid/results/C_cifar10_fedavg_dir0.1_secagg_s0

======================================================================
C_cifar10_scaffold_dir0.1_plain_s0  started 2026-08-17 00:10:26
config: experiments/phase_c/C_cifar10_scaffold_dir0.1_plain_s0.yaml
======================================================================
[C_cifar10_scaffold_dir0.1_plain_s0] model params: 189,130 | train 20000 test 5000
[C_cifar10_scaffold_dir0.1_plain_s0] partition dirichlet | HD mean=0.6282 max=0.8269 | sizes[88,3591]
[C_cifar10_scaffold_dir0.1_plain_s0] strategy=scaffold
  round   1  test_acc=0.1512  client_acc_var=0.01844
  round   2  test_acc=0.1682  client_acc_var=0.03131
  round   3  test_acc=0.1844  client_acc_var=0.02870
  round   4  test_acc=0.1930  client_acc_var=0.03143
  round   5  test_acc=0.2202  client_acc_var=0.03133
  round   6  test_acc=0.2184  client_acc_var=0.03253
  round   7  test_acc=0.2416  client_acc_var=0.02783
  round   8  test_acc=0.2418  client_acc_var=0.02881
  round   9  test_acc=0.2602  client_acc_var=0.01865
  round  10  test_acc=0.2412  client_acc_var=0.02746
  round  11  test_acc=0.2466  client_acc_var=0.03066
  round  12  test_acc=0.2486  client_acc_var=0.03235
  round  13  test_acc=0.2628  client_acc_var=0.03184
  round  14  test_acc=0.2650  client_acc_var=0.03221
  round  15  test_acc=0.2654  client_acc_var=0.03863
  round  16  test_acc=0.2502  client_acc_var=0.03489
  round  17  test_acc=0.2664  client_acc_var=0.02752
  round  18  test_acc=0.2792  client_acc_var=0.03075
  round  19  test_acc=0.2830  client_acc_var=0.02629
  round  20  test_acc=0.2776  client_acc_var=0.02918
  round  21  test_acc=0.2712  client_acc_var=0.02893
  round  22  test_acc=0.2506  client_acc_var=0.04098
  round  23  test_acc=0.2746  client_acc_var=0.04270
  round  24  test_acc=0.2816  client_acc_var=0.02860
  round  25  test_acc=0.2978  client_acc_var=0.02005
  round  26  test_acc=0.2842  client_acc_var=0.03045
  round  27  test_acc=0.2904  client_acc_var=0.03254
  round  28  test_acc=0.2930  client_acc_var=0.03027
  round  29  test_acc=0.2994  client_acc_var=0.02745
  round  30  test_acc=0.2880  client_acc_var=0.03589
  round  31  test_acc=0.2894  client_acc_var=0.03227
  round  32  test_acc=0.2864  client_acc_var=0.03651
  round  33  test_acc=0.2824  client_acc_var=0.03136
  round  34  test_acc=0.2960  client_acc_var=0.01733
  round  35  test_acc=0.2890  client_acc_var=0.03330
  round  36  test_acc=0.3038  client_acc_var=0.03284
  round  37  test_acc=0.2984  client_acc_var=0.03278
  round  38  test_acc=0.2834  client_acc_var=0.03095
  round  39  test_acc=0.2998  client_acc_var=0.02636
  round  40  test_acc=0.2656  client_acc_var=0.03753
  round  41  test_acc=0.2892  client_acc_var=0.03181
  round  42  test_acc=0.2952  client_acc_var=0.02950
  round  43  test_acc=0.3060  client_acc_var=0.02384
  round  44  test_acc=0.3212  client_acc_var=0.02017
  round  45  test_acc=0.2822  client_acc_var=0.03528
  round  46  test_acc=0.2872  client_acc_var=0.04490
  round  47  test_acc=0.2928  client_acc_var=0.03939
  round  48  test_acc=0.3038  client_acc_var=0.02870
  round  49  test_acc=0.3220  client_acc_var=0.01849
  round  50  test_acc=0.2946  client_acc_var=0.02653
  round  51  test_acc=0.3056  client_acc_var=0.03009
  round  52  test_acc=0.3016  client_acc_var=0.03053
  round  53  test_acc=0.3006  client_acc_var=0.02446
  round  54  test_acc=0.3070  client_acc_var=0.02959
  round  55  test_acc=0.3346  client_acc_var=0.00529
  round  56  test_acc=0.2938  client_acc_var=0.03335
  round  57  test_acc=0.3030  client_acc_var=0.03526
  round  58  test_acc=0.3080  client_acc_var=0.02017
  round  59  test_acc=0.3022  client_acc_var=0.03195
  round  60  test_acc=0.3100  client_acc_var=0.03822
[C_cifar10_scaffold_dir0.1_plain_s0] wall-clock: 42.7 min (42.7 s/round)
[C_cifar10_scaffold_dir0.1_plain_s0] done -> /Users/abdul/Documents/MSc. Project/fl-privacy-noniid/results/C_cifar10_scaffold_dir0.1_plain_s0

======================================================================
C_cifar10_scaffold_dir0.1_secagg_s0  started 2026-08-17 00:53:18
config: experiments/phase_c/C_cifar10_scaffold_dir0.1_secagg_s0.yaml
======================================================================
[C_cifar10_scaffold_dir0.1_secagg_s0] model params: 189,130 | train 20000 test 5000
[C_cifar10_scaffold_dir0.1_secagg_s0] partition dirichlet | HD mean=0.6282 max=0.8269 | sizes[88,3591]
[C_cifar10_scaffold_dir0.1_secagg_s0] secure aggregation on: pairwise masking
[C_cifar10_scaffold_dir0.1_secagg_s0] strategy=scaffold
    secure aggregation ON: pairwise masking over 15 clients, 105 pairs per round
  round   1  test_acc=0.1512  client_acc_var=0.01844
  round   2  test_acc=0.1676  client_acc_var=0.03160
  round   3  test_acc=0.1844  client_acc_var=0.03056
  round   4  test_acc=0.1946  client_acc_var=0.03074
  round   5  test_acc=0.2168  client_acc_var=0.03294
  round   6  test_acc=0.2186  client_acc_var=0.03339
  round   7  test_acc=0.2444  client_acc_var=0.02746
  round   8  test_acc=0.2356  client_acc_var=0.03139
  round   9  test_acc=0.2620  client_acc_var=0.01695
  round  10  test_acc=0.2326  client_acc_var=0.03085
  round  11  test_acc=0.2504  client_acc_var=0.02897
  round  12  test_acc=0.2502  client_acc_var=0.03148
  round  13  test_acc=0.2618  client_acc_var=0.02865
  round  14  test_acc=0.2618  client_acc_var=0.02987
  round  15  test_acc=0.2600  client_acc_var=0.03747
  round  16  test_acc=0.2338  client_acc_var=0.03783
  round  17  test_acc=0.2686  client_acc_var=0.02634
  round  18  test_acc=0.2724  client_acc_var=0.03013
  round  19  test_acc=0.2860  client_acc_var=0.02733
  round  20  test_acc=0.2814  client_acc_var=0.02814
  round  21  test_acc=0.2788  client_acc_var=0.02267
  round  22  test_acc=0.2544  client_acc_var=0.03641
  round  23  test_acc=0.2728  client_acc_var=0.04128
  round  24  test_acc=0.2820  client_acc_var=0.02628
  round  25  test_acc=0.2992  client_acc_var=0.02349
  round  26  test_acc=0.2838  client_acc_var=0.02945
  round  27  test_acc=0.2782  client_acc_var=0.03440
  round  28  test_acc=0.2954  client_acc_var=0.03283
  round  29  test_acc=0.2814  client_acc_var=0.03699
  round  30  test_acc=0.2902  client_acc_var=0.03470
  round  31  test_acc=0.2998  client_acc_var=0.02802
  round  32  test_acc=0.2788  client_acc_var=0.03445
  round  33  test_acc=0.2940  client_acc_var=0.02227
  round  34  test_acc=0.3106  client_acc_var=0.01389
  round  35  test_acc=0.2992  client_acc_var=0.02302
  round  36  test_acc=0.2934  client_acc_var=0.03871
  round  37  test_acc=0.2810  client_acc_var=0.04167
  round  38  test_acc=0.2848  client_acc_var=0.03298
  round  39  test_acc=0.2876  client_acc_var=0.03080
  round  40  test_acc=0.2700  client_acc_var=0.03233
  round  41  test_acc=0.3084  client_acc_var=0.03000
  round  42  test_acc=0.3000  client_acc_var=0.03088
  round  43  test_acc=0.3008  client_acc_var=0.02442
  round  44  test_acc=0.3090  client_acc_var=0.02174
  round  45  test_acc=0.2858  client_acc_var=0.03225
  round  46  test_acc=0.2962  client_acc_var=0.03918
  round  47  test_acc=0.3064  client_acc_var=0.02490
  round  48  test_acc=0.3064  client_acc_var=0.02763
  round  49  test_acc=0.3152  client_acc_var=0.02045
  round  50  test_acc=0.2924  client_acc_var=0.02730
  round  51  test_acc=0.3110  client_acc_var=0.02851
  round  52  test_acc=0.2990  client_acc_var=0.02896
  round  53  test_acc=0.3010  client_acc_var=0.03787
  round  54  test_acc=0.3054  client_acc_var=0.03376
  round  55  test_acc=0.3214  client_acc_var=0.01879
  round  56  test_acc=0.2938  client_acc_var=0.03146
  round  57  test_acc=0.3158  client_acc_var=0.03447
  round  58  test_acc=0.3150  client_acc_var=0.02391
  round  59  test_acc=0.3204  client_acc_var=0.02538
  round  60  test_acc=0.3190  client_acc_var=0.02806
[C_cifar10_scaffold_dir0.1_secagg_s0] wall-clock: 41.7 min (41.7 s/round)
[C_cifar10_scaffold_dir0.1_secagg_s0] done -> /Users/abdul/Documents/MSc. Project/fl-privacy-noniid/results/C_cifar10_scaffold_dir0.1_secagg_s0
PHASE C - SECURE AGGREGATION OVERHEAD

fedavg  (60 rounds)
  round 1, masked vs plain: 0.00e+00  IDENTICAL - the aggregate is exact
  later rounds: max wander 0.70 points, final 0.20 points
  masking, processor seconds per round: 0.3396 mask + 0.0012 aggregate
  plain arm records 0.0000 (must be zero)
  key-agreement messages per round: 210
  bytes per round: plain 11,347,800.0  masked 11,347,800.0  ratio 1.0000   (unchanged, as Section 3.8.5 predicts)
  plain arm vs Phase A twin: max difference 0.00e+00

scaffold  (60 rounds)
  round 1, masked vs plain: 0.00e+00  IDENTICAL - the aggregate is exact
  later rounds: max wander 1.92 points, final 0.90 points
  masking, processor seconds per round: 0.3337 mask + 0.0012 aggregate
  plain arm records 0.0000 (must be zero)
  key-agreement messages per round: 210
  bytes per round: plain 22,695,600.0  masked 22,695,600.0  ratio 1.0000   (unchanged, as Section 3.8.5 predicts)
  plain arm vs Phase A twin: max difference 0.00e+00

written -> results/C_summary/overhead.json

PASS
