
======================================================================
D_cifar10_fedavg_dir0.1_none_s0  started 2026-08-18 10:26:20
config: experiments/phase_d/D_cifar10_fedavg_dir0.1_none_s0.yaml
======================================================================
[D_cifar10_fedavg_dir0.1_none_s0] model params: 189,130 | train 20000 test 5000
[D_cifar10_fedavg_dir0.1_none_s0] partition dirichlet | HD mean=0.6282 max=0.8269 | sizes[88,3591]
[D_cifar10_fedavg_dir0.1_none_s0] resuming from round 60
[D_cifar10_fedavg_dir0.1_none_s0] strategy=fedavg
[D_cifar10_fedavg_dir0.1_none_s0] wall-clock: 0.0 min (0.0 s/round)
[D_cifar10_fedavg_dir0.1_none_s0] done -> /Users/abdul/Documents/MSc. Project/fl-privacy-noniid/results/D_cifar10_fedavg_dir0.1_none_s0

======================================================================
D_diag_cifar10_fedavg_dir0.1_uniform_s0  started 2026-08-18 10:26:26
config: experiments/phase_d/D_diag_cifar10_fedavg_dir0.1_uniform_s0.yaml
======================================================================
[D_diag_cifar10_fedavg_dir0.1_uniform_s0] model params: 189,130 | train 20000 test 5000
[D_diag_cifar10_fedavg_dir0.1_uniform_s0] partition dirichlet | HD mean=0.6282 max=0.8269 | sizes[88,3591]
[D_diag_cifar10_fedavg_dir0.1_uniform_s0] strategy=fedavg
  round   1  test_acc=0.1102  client_acc_var=0.02897
  round   2  test_acc=0.1456  client_acc_var=0.03238
  round   3  test_acc=0.1550  client_acc_var=0.03556
  round   4  test_acc=0.1722  client_acc_var=0.03795
  round   5  test_acc=0.1862  client_acc_var=0.03951
  round   6  test_acc=0.1878  client_acc_var=0.03840
  round   7  test_acc=0.1956  client_acc_var=0.03614
  round   8  test_acc=0.2176  client_acc_var=0.03787
  round   9  test_acc=0.2328  client_acc_var=0.03511
  round  10  test_acc=0.2242  client_acc_var=0.03886
  round  11  test_acc=0.2464  client_acc_var=0.03610
  round  12  test_acc=0.2504  client_acc_var=0.03393
  round  13  test_acc=0.2614  client_acc_var=0.03226
  round  14  test_acc=0.2560  client_acc_var=0.03333
  round  15  test_acc=0.2788  client_acc_var=0.03216
  round  16  test_acc=0.2532  client_acc_var=0.03710
  round  17  test_acc=0.2772  client_acc_var=0.03356
  round  18  test_acc=0.2794  client_acc_var=0.03456
  round  19  test_acc=0.2760  client_acc_var=0.03266
  round  20  test_acc=0.2872  client_acc_var=0.03234
  round  21  test_acc=0.2894  client_acc_var=0.02651
  round  22  test_acc=0.2862  client_acc_var=0.03257
  round  23  test_acc=0.2828  client_acc_var=0.03656
  round  24  test_acc=0.2908  client_acc_var=0.03190
  round  25  test_acc=0.3012  client_acc_var=0.03254
  round  26  test_acc=0.2978  client_acc_var=0.03057
  round  27  test_acc=0.3154  client_acc_var=0.02438
  round  28  test_acc=0.3044  client_acc_var=0.02899
  round  29  test_acc=0.3130  client_acc_var=0.02619
  round  30  test_acc=0.3080  client_acc_var=0.02894
  round  31  test_acc=0.3154  client_acc_var=0.02980
  round  32  test_acc=0.3172  client_acc_var=0.02754
  round  33  test_acc=0.3306  client_acc_var=0.02627
  round  34  test_acc=0.3334  client_acc_var=0.02309
  round  35  test_acc=0.3254  client_acc_var=0.02662
  round  36  test_acc=0.3364  client_acc_var=0.02365
  round  37  test_acc=0.3404  client_acc_var=0.02373
  round  38  test_acc=0.3326  client_acc_var=0.02584
  round  39  test_acc=0.3398  client_acc_var=0.02464
  round  40  test_acc=0.3296  client_acc_var=0.02836
  round  41  test_acc=0.3424  client_acc_var=0.02544
  round  42  test_acc=0.3526  client_acc_var=0.02378
  round  43  test_acc=0.3658  client_acc_var=0.01362
  round  44  test_acc=0.3610  client_acc_var=0.01961
  round  45  test_acc=0.3412  client_acc_var=0.03041
  round  46  test_acc=0.3426  client_acc_var=0.03008
  round  47  test_acc=0.3552  client_acc_var=0.02413
  round  48  test_acc=0.3646  client_acc_var=0.02273
  round  49  test_acc=0.3602  client_acc_var=0.02308
  round  50  test_acc=0.3486  client_acc_var=0.02570
  round  51  test_acc=0.3608  client_acc_var=0.02584
  round  52  test_acc=0.3598  client_acc_var=0.02464
  round  53  test_acc=0.3638  client_acc_var=0.02582
  round  54  test_acc=0.3670  client_acc_var=0.02357
  round  55  test_acc=0.3738  client_acc_var=0.01630
  round  56  test_acc=0.3620  client_acc_var=0.02427
  round  57  test_acc=0.3754  client_acc_var=0.02126
  round  58  test_acc=0.3742  client_acc_var=0.02028
  round  59  test_acc=0.3814  client_acc_var=0.01984
  round  60  test_acc=0.3888  client_acc_var=0.01792
[D_diag_cifar10_fedavg_dir0.1_uniform_s0] wall-clock: 40.9 min (40.9 s/round)
[D_diag_cifar10_fedavg_dir0.1_uniform_s0] done -> /Users/abdul/Documents/MSc. Project/fl-privacy-noniid/results/D_diag_cifar10_fedavg_dir0.1_uniform_s0
W0818 11:07:33.662000 67684 .venv/lib/python3.14/site-packages/torch/distributed/elastic/multiprocessing/redirects.py:35] NOTE: Redirects are currently not supported in MacOs.
/Users/abdul/Documents/MSc. Project/fl-privacy-noniid/.venv/lib/python3.14/site-packages/opacus/accountants/analysis/rdp.py:332: UserWarning: Optimal order is the smallest alpha. Please consider expanding the range of alphas to get a tighter privacy bound.
  warnings.warn(
/Users/abdul/Documents/MSc. Project/fl-privacy-noniid/.venv/lib/python3.14/site-packages/opacus/accountants/analysis/rdp.py:332: UserWarning: Optimal order is the largest alpha. Please consider expanding the range of alphas to get a tighter privacy bound.
  warnings.warn(

======================================================================
D_cifar10_fedavg_dir0.1_sampledp_eps1_s0  started 2026-08-18 11:07:28
config: experiments/phase_d/D_cifar10_fedavg_dir0.1_sampledp_eps1_s0.yaml
======================================================================
[D_cifar10_fedavg_dir0.1_sampledp_eps1_s0] model params: 189,130 | train 20000 test 5000
[D_cifar10_fedavg_dir0.1_sampledp_eps1_s0] partition dirichlet | HD mean=0.6282 max=0.8269 | sizes[88,3591]
[D_cifar10_fedavg_dir0.1_sampledp_eps1_s0] resuming from round 60
[D_cifar10_fedavg_dir0.1_sampledp_eps1_s0] DP ON | granularity=sample | schedule=constant | target eps=1.0 delta=1e-05 C=1.0
[D_cifar10_fedavg_dir0.1_sampledp_eps1_s0] strategy=fedavg
    DP client  0: n=  494 q=0.1296 steps=   960 sigma=16.3102 -> eps=1.000
    DP client  1: n=   88 q=0.7273 steps=   240 sigma=46.0078 -> eps=0.991
    DP client  2: n= 2251 q=0.0284 steps=  4320 sigma=7.6090 -> eps=1.002
    DP client  3: n=  296 q=0.2162 steps=   600 sigma=21.6469 -> eps=0.992
    DP client  4: n= 1073 q=0.0596 steps=  2040 sigma=10.9734 -> eps=0.999
    DP client  5: n=  161 q=0.3975 steps=   360 sigma=30.6164 -> eps=0.999
    DP client  6: n= 2501 q=0.0256 steps=  4800 sigma=7.2609 -> eps=0.996
    DP client  7: n=  756 q=0.0847 steps=  1440 sigma=13.0617 -> eps=1.000
    DP client  8: n= 2667 q=0.0240 steps=  5040 sigma=6.9129 -> eps=1.007
    DP client  9: n= 1336 q=0.0479 steps=  2520 sigma=9.8133 -> eps=0.998
    DP client 10: n=  714 q=0.0896 steps=  1440 sigma=13.7578 -> eps=1.005
    DP client 11: n= 2868 q=0.0223 steps=  5400 sigma=6.6809 -> eps=1.003
    DP client 12: n=  240 q=0.2667 steps=   480 sigma=23.5031 -> eps=1.010
    DP client 13: n=  964 q=0.0664 steps=  1920 sigma=11.9016 -> eps=0.993
    DP client 14: n= 3591 q=0.0178 steps=  6840 sigma=5.9848 -> eps=1.008
[D_cifar10_fedavg_dir0.1_sampledp_eps1_s0] wall-clock: 0.0 min (3.0 s/round)
[D_cifar10_fedavg_dir0.1_sampledp_eps1_s0] done -> /Users/abdul/Documents/MSc. Project/fl-privacy-noniid/results/D_cifar10_fedavg_dir0.1_sampledp_eps1_s0
W0818 11:07:42.046000 67772 .venv/lib/python3.14/site-packages/torch/distributed/elastic/multiprocessing/redirects.py:35] NOTE: Redirects are currently not supported in MacOs.

======================================================================
D_cifar10_fedavg_dir0.1_clientdp_eps1_s0  started 2026-08-18 11:07:37
config: experiments/phase_d/D_cifar10_fedavg_dir0.1_clientdp_eps1_s0.yaml
======================================================================
[D_cifar10_fedavg_dir0.1_clientdp_eps1_s0] model params: 189,130 | train 20000 test 5000
[D_cifar10_fedavg_dir0.1_clientdp_eps1_s0] partition dirichlet | HD mean=0.6282 max=0.8269 | sizes[88,3591]
[D_cifar10_fedavg_dir0.1_clientdp_eps1_s0] resuming from round 60
[D_cifar10_fedavg_dir0.1_clientdp_eps1_s0] DP ON | granularity=client | schedule=constant | target eps=1.0 delta=1e-05 C=0.357398
[D_cifar10_fedavg_dir0.1_clientdp_eps1_s0] strategy=fedavg
    client-level DP: C=0.3574 sigma=31.0828 -> eps=1.009 over 60 rounds at sampling rate 1.0
    noise std on the mean = sigma*C/N = 0.74060; averaging is UNIFORM
[D_cifar10_fedavg_dir0.1_clientdp_eps1_s0] wall-clock: 0.0 min (1.2 s/round)
[D_cifar10_fedavg_dir0.1_clientdp_eps1_s0] done -> /Users/abdul/Documents/MSc. Project/fl-privacy-noniid/results/D_cifar10_fedavg_dir0.1_clientdp_eps1_s0
W0818 11:07:48.560000 67832 .venv/lib/python3.14/site-packages/torch/distributed/elastic/multiprocessing/redirects.py:35] NOTE: Redirects are currently not supported in MacOs.

======================================================================
D_cifar10_fedavg_dir0.1_clientdp_eps4_s0  started 2026-08-18 11:07:43
config: experiments/phase_d/D_cifar10_fedavg_dir0.1_clientdp_eps4_s0.yaml
======================================================================
[D_cifar10_fedavg_dir0.1_clientdp_eps4_s0] model params: 189,130 | train 20000 test 5000
[D_cifar10_fedavg_dir0.1_clientdp_eps4_s0] partition dirichlet | HD mean=0.6282 max=0.8269 | sizes[88,3591]
[D_cifar10_fedavg_dir0.1_clientdp_eps4_s0] resuming from round 60
[D_cifar10_fedavg_dir0.1_clientdp_eps4_s0] DP ON | granularity=client | schedule=constant | target eps=4.0 delta=1e-05 C=0.357398
[D_cifar10_fedavg_dir0.1_clientdp_eps4_s0] strategy=fedavg
    client-level DP: C=0.3574 sigma=8.9722 -> eps=3.997 over 60 rounds at sampling rate 1.0
    noise std on the mean = sigma*C/N = 0.21378; averaging is UNIFORM
[D_cifar10_fedavg_dir0.1_clientdp_eps4_s0] wall-clock: 0.0 min (1.1 s/round)
[D_cifar10_fedavg_dir0.1_clientdp_eps4_s0] done -> /Users/abdul/Documents/MSc. Project/fl-privacy-noniid/results/D_cifar10_fedavg_dir0.1_clientdp_eps4_s0
W0818 11:07:54.616000 67895 .venv/lib/python3.14/site-packages/torch/distributed/elastic/multiprocessing/redirects.py:35] NOTE: Redirects are currently not supported in MacOs.

======================================================================
D_cifar10_fedavg_dir0.1_clientdp_eps8_s0  started 2026-08-18 11:07:50
config: experiments/phase_d/D_cifar10_fedavg_dir0.1_clientdp_eps8_s0.yaml
======================================================================
[D_cifar10_fedavg_dir0.1_clientdp_eps8_s0] model params: 189,130 | train 20000 test 5000
[D_cifar10_fedavg_dir0.1_clientdp_eps8_s0] partition dirichlet | HD mean=0.6282 max=0.8269 | sizes[88,3591]
[D_cifar10_fedavg_dir0.1_clientdp_eps8_s0] resuming from round 60
[D_cifar10_fedavg_dir0.1_clientdp_eps8_s0] DP ON | granularity=client | schedule=constant | target eps=8.0 delta=1e-05 C=0.357398
[D_cifar10_fedavg_dir0.1_clientdp_eps8_s0] strategy=fedavg
    client-level DP: C=0.3574 sigma=4.9406 -> eps=7.998 over 60 rounds at sampling rate 1.0
    noise std on the mean = sigma*C/N = 0.11772; averaging is UNIFORM
[D_cifar10_fedavg_dir0.1_clientdp_eps8_s0] wall-clock: 0.0 min (1.2 s/round)
[D_cifar10_fedavg_dir0.1_clientdp_eps8_s0] done -> /Users/abdul/Documents/MSc. Project/fl-privacy-noniid/results/D_cifar10_fedavg_dir0.1_clientdp_eps8_s0
W0818 11:08:01.173000 67955 .venv/lib/python3.14/site-packages/torch/distributed/elastic/multiprocessing/redirects.py:35] NOTE: Redirects are currently not supported in MacOs.
/Users/abdul/Documents/MSc. Project/fl-privacy-noniid/.venv/lib/python3.14/site-packages/opacus/accountants/analysis/rdp.py:332: UserWarning: Optimal order is the smallest alpha. Please consider expanding the range of alphas to get a tighter privacy bound.
  warnings.warn(
/Users/abdul/Documents/MSc. Project/fl-privacy-noniid/.venv/lib/python3.14/site-packages/opacus/accountants/analysis/rdp.py:332: UserWarning: Optimal order is the largest alpha. Please consider expanding the range of alphas to get a tighter privacy bound.
  warnings.warn(

======================================================================
D_cifar10_fedavg_dir0.1_adaptive_eps1_s0  started 2026-08-18 11:07:56
config: experiments/phase_d/D_cifar10_fedavg_dir0.1_adaptive_eps1_s0.yaml
======================================================================
[D_cifar10_fedavg_dir0.1_adaptive_eps1_s0] model params: 189,130 | train 20000 test 5000
[D_cifar10_fedavg_dir0.1_adaptive_eps1_s0] partition dirichlet | HD mean=0.6282 max=0.8269 | sizes[88,3591]
[D_cifar10_fedavg_dir0.1_adaptive_eps1_s0] resuming from round 60
[D_cifar10_fedavg_dir0.1_adaptive_eps1_s0] DP ON | granularity=sample | schedule=decreasing | target eps=1.0 delta=1e-05 C=1.0
[D_cifar10_fedavg_dir0.1_adaptive_eps1_s0] strategy=fedavg
    DP client  0: n=  494 q=0.1296 steps=   960 sigma=16.3102 -> eps=1.000
    DP client  1: n=   88 q=0.7273 steps=   240 sigma=46.0078 -> eps=0.991
    DP client  2: n= 2251 q=0.0284 steps=  4320 sigma=7.6090 -> eps=1.002
    DP client  3: n=  296 q=0.2162 steps=   600 sigma=21.6469 -> eps=0.992
    DP client  4: n= 1073 q=0.0596 steps=  2040 sigma=10.9734 -> eps=0.999
    DP client  5: n=  161 q=0.3975 steps=   360 sigma=30.6164 -> eps=0.999
    DP client  6: n= 2501 q=0.0256 steps=  4800 sigma=7.2609 -> eps=0.996
    DP client  7: n=  756 q=0.0847 steps=  1440 sigma=13.0617 -> eps=1.000
    DP client  8: n= 2667 q=0.0240 steps=  5040 sigma=6.9129 -> eps=1.007
    DP client  9: n= 1336 q=0.0479 steps=  2520 sigma=9.8133 -> eps=0.998
    DP client 10: n=  714 q=0.0896 steps=  1440 sigma=13.7578 -> eps=1.005
    DP client 11: n= 2868 q=0.0223 steps=  5400 sigma=6.6809 -> eps=1.003
    DP client 12: n=  240 q=0.2667 steps=   480 sigma=23.5031 -> eps=1.010
    DP client 13: n=  964 q=0.0664 steps=  1920 sigma=11.9016 -> eps=0.993
    DP client 14: n= 3591 q=0.0178 steps=  6840 sigma=5.9848 -> eps=1.008
    time-adaptive schedule 'decreasing': multiplier 0.817 to 1.226
      client  0: realised eps=1.0002 against a target of 1.0
      client  1: realised eps=0.9907 against a target of 1.0
      client  2: realised eps=1.0024 against a target of 1.0
      client 14: realised eps=1.0089 against a target of 1.0
[D_cifar10_fedavg_dir0.1_adaptive_eps1_s0] wall-clock: 0.2 min (9.3 s/round)
[D_cifar10_fedavg_dir0.1_adaptive_eps1_s0] done -> /Users/abdul/Documents/MSc. Project/fl-privacy-noniid/results/D_cifar10_fedavg_dir0.1_adaptive_eps1_s0
W0818 11:08:15.443000 68094 .venv/lib/python3.14/site-packages/torch/distributed/elastic/multiprocessing/redirects.py:35] NOTE: Redirects are currently not supported in MacOs.
/Users/abdul/Documents/MSc. Project/fl-privacy-noniid/.venv/lib/python3.14/site-packages/opacus/accountants/analysis/rdp.py:332: UserWarning: Optimal order is the smallest alpha. Please consider expanding the range of alphas to get a tighter privacy bound.
  warnings.warn(
/Users/abdul/Documents/MSc. Project/fl-privacy-noniid/.venv/lib/python3.14/site-packages/opacus/accountants/analysis/rdp.py:332: UserWarning: Optimal order is the largest alpha. Please consider expanding the range of alphas to get a tighter privacy bound.
  warnings.warn(

======================================================================
D_cifar10_fedavg_dir0.1_adaptive_eps4_s0  started 2026-08-18 11:08:11
config: experiments/phase_d/D_cifar10_fedavg_dir0.1_adaptive_eps4_s0.yaml
======================================================================
[D_cifar10_fedavg_dir0.1_adaptive_eps4_s0] model params: 189,130 | train 20000 test 5000
[D_cifar10_fedavg_dir0.1_adaptive_eps4_s0] partition dirichlet | HD mean=0.6282 max=0.8269 | sizes[88,3591]
[D_cifar10_fedavg_dir0.1_adaptive_eps4_s0] resuming from round 60
[D_cifar10_fedavg_dir0.1_adaptive_eps4_s0] DP ON | granularity=sample | schedule=decreasing | target eps=4.0 delta=1e-05 C=1.0
[D_cifar10_fedavg_dir0.1_adaptive_eps4_s0] strategy=fedavg
    DP client  0: n=  494 q=0.1296 steps=   960 sigma=4.7521 -> eps=3.996
    DP client  1: n=   88 q=0.7273 steps=   240 sigma=13.0617 -> eps=4.007
    DP client  2: n= 2251 q=0.0284 steps=  4320 sigma=2.3013 -> eps=3.994
    DP client  3: n=  296 q=0.2162 steps=   600 sigma=6.2168 -> eps=4.006
    DP client  4: n= 1073 q=0.0596 steps=  2040 sigma=3.2294 -> eps=4.005
    DP client  5: n=  161 q=0.3975 steps=   360 sigma=8.8271 -> eps=3.991
    DP client  6: n= 2501 q=0.0256 steps=  4800 sigma=2.1925 -> eps=3.998
    DP client  7: n=  756 q=0.0847 steps=  1440 sigma=3.8240 -> eps=4.003
    DP client  8: n= 2667 q=0.0240 steps=  5040 sigma=2.1127 -> eps=4.006
    DP client  9: n= 1336 q=0.0479 steps=  2520 sigma=2.9031 -> eps=4.001
    DP client 10: n=  714 q=0.0896 steps=  1440 sigma=4.0415 -> eps=4.000
    DP client 11: n= 2868 q=0.0223 steps=  5400 sigma=2.0475 -> eps=3.992
    DP client 12: n=  240 q=0.2667 steps=   480 sigma=6.8549 -> eps=4.001
    DP client 13: n=  964 q=0.0664 steps=  1920 sigma=3.4759 -> eps=4.002
    DP client 14: n= 3591 q=0.0178 steps=  6840 sigma=1.8590 -> eps=4.008
    time-adaptive schedule 'decreasing': multiplier 0.817 to 1.226
      client  0: realised eps=4.0020 against a target of 4.0
      client  1: realised eps=4.0080 against a target of 4.0
      client  2: realised eps=4.0125 against a target of 4.0
      client 14: realised eps=4.0366 against a target of 4.0
[D_cifar10_fedavg_dir0.1_adaptive_eps4_s0] wall-clock: 0.2 min (11.7 s/round)
[D_cifar10_fedavg_dir0.1_adaptive_eps4_s0] done -> /Users/abdul/Documents/MSc. Project/fl-privacy-noniid/results/D_cifar10_fedavg_dir0.1_adaptive_eps4_s0
W0818 11:08:32.505000 68254 .venv/lib/python3.14/site-packages/torch/distributed/elastic/multiprocessing/redirects.py:35] NOTE: Redirects are currently not supported in MacOs.
/Users/abdul/Documents/MSc. Project/fl-privacy-noniid/.venv/lib/python3.14/site-packages/opacus/accountants/analysis/rdp.py:332: UserWarning: Optimal order is the smallest alpha. Please consider expanding the range of alphas to get a tighter privacy bound.
  warnings.warn(
/Users/abdul/Documents/MSc. Project/fl-privacy-noniid/.venv/lib/python3.14/site-packages/opacus/accountants/analysis/rdp.py:332: UserWarning: Optimal order is the largest alpha. Please consider expanding the range of alphas to get a tighter privacy bound.
  warnings.warn(

======================================================================
D_cifar10_fedavg_dir0.1_adaptive_eps8_s0  started 2026-08-18 11:08:27
config: experiments/phase_d/D_cifar10_fedavg_dir0.1_adaptive_eps8_s0.yaml
======================================================================
[D_cifar10_fedavg_dir0.1_adaptive_eps8_s0] model params: 189,130 | train 20000 test 5000
[D_cifar10_fedavg_dir0.1_adaptive_eps8_s0] partition dirichlet | HD mean=0.6282 max=0.8269 | sizes[88,3591]
[D_cifar10_fedavg_dir0.1_adaptive_eps8_s0] resuming from round 60
[D_cifar10_fedavg_dir0.1_adaptive_eps8_s0] DP ON | granularity=sample | schedule=decreasing | target eps=8.0 delta=1e-05 C=1.0
[D_cifar10_fedavg_dir0.1_adaptive_eps8_s0] strategy=fedavg
    DP client  0: n=  494 q=0.1296 steps=   960 sigma=2.6928 -> eps=7.996
    DP client  1: n=   88 q=0.7273 steps=   240 sigma=7.2319 -> eps=7.993
    DP client  2: n= 2251 q=0.0284 steps=  4320 sigma=1.3913 -> eps=8.007
    DP client  3: n=  296 q=0.2162 steps=   600 sigma=3.4904 -> eps=8.003
    DP client  4: n= 1073 q=0.0596 steps=  2040 sigma=1.8807 -> eps=8.002
    DP client  5: n=  161 q=0.3975 steps=   360 sigma=4.8971 -> eps=8.002
    DP client  6: n= 2501 q=0.0256 steps=  4800 sigma=1.3369 -> eps=8.001
    DP client  7: n=  756 q=0.0847 steps=  1440 sigma=2.1961 -> eps=8.003
    DP client  8: n= 2667 q=0.0240 steps=  5040 sigma=1.2970 -> eps=8.008
    DP client  9: n= 1336 q=0.0479 steps=  2520 sigma=1.7067 -> eps=8.005
    DP client 10: n=  714 q=0.0896 steps=  1440 sigma=2.3121 -> eps=7.997
    DP client 11: n= 2868 q=0.0223 steps=  5400 sigma=1.2626 -> eps=7.991
    DP client 12: n=  240 q=0.2667 steps=   480 sigma=3.8312 -> eps=8.007
    DP client 13: n=  964 q=0.0664 steps=  1920 sigma=2.0112 -> eps=7.994
    DP client 14: n= 3591 q=0.0178 steps=  6840 sigma=1.1683 -> eps=8.004
    time-adaptive schedule 'decreasing': multiplier 0.817 to 1.226
      client  0: realised eps=8.0274 against a target of 8.0
      client  1: realised eps=7.9961 against a target of 8.0
      client  2: realised eps=8.1272 against a target of 8.0
      client 14: realised eps=8.1959 against a target of 8.0
[D_cifar10_fedavg_dir0.1_adaptive_eps8_s0] wall-clock: 0.4 min (21.0 s/round)
[D_cifar10_fedavg_dir0.1_adaptive_eps8_s0] done -> /Users/abdul/Documents/MSc. Project/fl-privacy-noniid/results/D_cifar10_fedavg_dir0.1_adaptive_eps8_s0
/opt/homebrew/Cellar/python@3.14/3.14.3_1/Frameworks/Python.framework/Versions/3.14/Resources/Python.app/Contents/MacOS/Python: can't open file '/Users/abdul/Documents/MSc. Project/fl-privacy-noniid/experiments/verify_phase_d.py': [Errno 2] No such file or directory
