W0818 22:04:50.807000 25624 .venv/lib/python3.14/site-packages/torch/distributed/elastic/multiprocessing/redirects.py:35] NOTE: Redirects are currently not supported in MacOs.
/Users/abdul/Documents/MSc. Project/fl-privacy-noniid/.venv/lib/python3.14/site-packages/opacus/accountants/analysis/rdp.py:332: UserWarning: Optimal order is the smallest alpha. Please consider expanding the range of alphas to get a tighter privacy bound.
  warnings.warn(
/Users/abdul/Documents/MSc. Project/fl-privacy-noniid/.venv/lib/python3.14/site-packages/opacus/accountants/analysis/rdp.py:332: UserWarning: Optimal order is the largest alpha. Please consider expanding the range of alphas to get a tighter privacy bound.
  warnings.warn(
/Users/abdul/Documents/MSc. Project/fl-privacy-noniid/flcore/dp_local.py:135: UserWarning: Full backward hook is firing when gradients are computed with respect to module outputs since no inputs require gradients. See https://docs.pytorch.org/docs/main/generated/torch.nn.Module.html#torch.nn.Module.register_full_backward_hook for more details.
  model.criterion(out, yb).backward()

======================================================================
D_cifar10_fedavg_dir0.1_adaptive_eps1_s0  started 2026-08-18 22:04:45
config: experiments/phase_d/D_cifar10_fedavg_dir0.1_adaptive_eps1_s0.yaml
======================================================================
[D_cifar10_fedavg_dir0.1_adaptive_eps1_s0] model params: 189,130 | train 20000 test 5000
[D_cifar10_fedavg_dir0.1_adaptive_eps1_s0] partition dirichlet | HD mean=0.6282 max=0.8269 | sizes[88,3591]
[D_cifar10_fedavg_dir0.1_adaptive_eps1_s0] DP ON | granularity=sample | schedule=decreasing | target eps=1.0 delta=1e-05 C=1.0
[D_cifar10_fedavg_dir0.1_adaptive_eps1_s0] strategy=fedavg
    DP client  0: n=  494 q=0.1296 steps=   960 sigma=16.3102 -> eps=1.000
    DP client  1: n=   88 q=0.7273 steps=   240 sigma=46.0078 -> eps=0.991
    DP client  2: n= 2251 q=0.0284 steps=  4320 sigma=7.6090 -> eps=1.002
    DP client  3: n=  296 q=0.2162 steps=   600 sigma=21.6469 -> eps=0.992
    DP client  4: n= 1073 q=0.0596 steps=  2040 sigma=10.9734 -> eps=0.999
    DP client  5: n=  161 q=0.3975 steps=   360 sigma=30.6164 -> eps=0.999
    DP client  6: n= 2501 q=0.0256 steps=  4800 sigma=7.2609 -> eps=0.996
    DP client  7: n=  756 q=0.0847 steps=  1440 sigma=13.0617 -> eps=1.000
    DP client  8: n= 2667 q=0.0240 steps=  5040 sigma=6.9129 -> eps=1.007
    DP client  9: n= 1336 q=0.0479 steps=  2520 sigma=9.8133 -> eps=0.998
    DP client 10: n=  714 q=0.0896 steps=  1440 sigma=13.7578 -> eps=1.005
    DP client 11: n= 2868 q=0.0223 steps=  5400 sigma=6.6809 -> eps=1.003
    DP client 12: n=  240 q=0.2667 steps=   480 sigma=23.5031 -> eps=1.010
    DP client 13: n=  964 q=0.0664 steps=  1920 sigma=11.9016 -> eps=0.993
    DP client 14: n= 3591 q=0.0178 steps=  6840 sigma=5.9848 -> eps=1.008
    time-adaptive schedule 'decreasing': shape 0.817 to 1.226, scale calibrated per client against the accountant
      client  0: sigma 13.328-19.992 -> realised eps=1.0001 against a target of 1.0
      client  1: sigma 37.151-55.727 -> realised eps=1.0036 against a target of 1.0
      client  2: sigma 6.254-9.381 -> realised eps=0.9958 against a target of 1.0
      client 14: sigma 4.916-7.374 -> realised eps=1.0028 against a target of 1.0
  round   1  test_acc=0.1088  client_acc_var=0.00789
  round   2  test_acc=0.1018  client_acc_var=0.02057
  round   3  test_acc=0.1130  client_acc_var=0.01556
  round   4  test_acc=0.1286  client_acc_var=0.01362
  round   5  test_acc=0.1214  client_acc_var=0.00883
  round   6  test_acc=0.1196  client_acc_var=0.00724
  round   7  test_acc=0.1348  client_acc_var=0.01134
  round   8  test_acc=0.1302  client_acc_var=0.01173
  round   9  test_acc=0.1140  client_acc_var=0.01164
  round  10  test_acc=0.1076  client_acc_var=0.01588
  round  11  test_acc=0.1330  client_acc_var=0.02246
  round  12  test_acc=0.1168  client_acc_var=0.04024
  round  13  test_acc=0.1040  client_acc_var=0.04117
  round  14  test_acc=0.1178  client_acc_var=0.02965
  round  15  test_acc=0.1062  client_acc_var=0.04699
  round  16  test_acc=0.1350  client_acc_var=0.01108
  round  17  test_acc=0.1222  client_acc_var=0.04627
  round  18  test_acc=0.1076  client_acc_var=0.05721
  round  19  test_acc=0.1214  client_acc_var=0.02995
  round  20  test_acc=0.1500  client_acc_var=0.00659
  round  21  test_acc=0.1424  client_acc_var=0.01154
  round  22  test_acc=0.1508  client_acc_var=0.02775
  round  23  test_acc=0.1268  client_acc_var=0.03327
  round  24  test_acc=0.1440  client_acc_var=0.02516
  round  25  test_acc=0.1586  client_acc_var=0.00912
  round  26  test_acc=0.1626  client_acc_var=0.01403
  round  27  test_acc=0.1714  client_acc_var=0.01018
  round  28  test_acc=0.1654  client_acc_var=0.01685
  round  29  test_acc=0.1674  client_acc_var=0.01366
  round  30  test_acc=0.1642  client_acc_var=0.00806
  round  31  test_acc=0.1644  client_acc_var=0.00670
  round  32  test_acc=0.1536  client_acc_var=0.01329
  round  33  test_acc=0.1692  client_acc_var=0.02783
  round  34  test_acc=0.1904  client_acc_var=0.00861
  round  35  test_acc=0.1598  client_acc_var=0.03946
  round  36  test_acc=0.1650  client_acc_var=0.03880
  round  37  test_acc=0.1818  client_acc_var=0.01005
  round  38  test_acc=0.2052  client_acc_var=0.01081
  round  39  test_acc=0.2030  client_acc_var=0.01867
  round  40  test_acc=0.2004  client_acc_var=0.01381
  round  41  test_acc=0.2164  client_acc_var=0.00757
  round  42  test_acc=0.2208  client_acc_var=0.00772
  round  43  test_acc=0.2218  client_acc_var=0.00724
  round  44  test_acc=0.2090  client_acc_var=0.01994
  round  45  test_acc=0.2034  client_acc_var=0.01328
  round  46  test_acc=0.2096  client_acc_var=0.02048
  round  47  test_acc=0.2100  client_acc_var=0.02513
  round  48  test_acc=0.2156  client_acc_var=0.02428
  round  49  test_acc=0.2190  client_acc_var=0.02404
  round  50  test_acc=0.2190  client_acc_var=0.01452
  round  51  test_acc=0.2198  client_acc_var=0.02421
  round  52  test_acc=0.2286  client_acc_var=0.01571
  round  53  test_acc=0.2184  client_acc_var=0.01337
  round  54  test_acc=0.2146  client_acc_var=0.01322
  round  55  test_acc=0.2178  client_acc_var=0.01020
  round  56  test_acc=0.2276  client_acc_var=0.01030
  round  57  test_acc=0.2414  client_acc_var=0.01085
  round  58  test_acc=0.2350  client_acc_var=0.01578
  round  59  test_acc=0.2266  client_acc_var=0.01139
  round  60  test_acc=0.2440  client_acc_var=0.01150
[D_cifar10_fedavg_dir0.1_adaptive_eps1_s0] wall-clock: 66.1 min (66.1 s/round)
[D_cifar10_fedavg_dir0.1_adaptive_eps1_s0] done -> /Users/abdul/Documents/MSc. Project/fl-privacy-noniid/results/D_cifar10_fedavg_dir0.1_adaptive_eps1_s0
W0818 23:11:02.111000 61455 .venv/lib/python3.14/site-packages/torch/distributed/elastic/multiprocessing/redirects.py:35] NOTE: Redirects are currently not supported in MacOs.
/Users/abdul/Documents/MSc. Project/fl-privacy-noniid/.venv/lib/python3.14/site-packages/opacus/accountants/analysis/rdp.py:332: UserWarning: Optimal order is the smallest alpha. Please consider expanding the range of alphas to get a tighter privacy bound.
  warnings.warn(
/Users/abdul/Documents/MSc. Project/fl-privacy-noniid/.venv/lib/python3.14/site-packages/opacus/accountants/analysis/rdp.py:332: UserWarning: Optimal order is the largest alpha. Please consider expanding the range of alphas to get a tighter privacy bound.
  warnings.warn(
/Users/abdul/Documents/MSc. Project/fl-privacy-noniid/flcore/dp_local.py:135: UserWarning: Full backward hook is firing when gradients are computed with respect to module outputs since no inputs require gradients. See https://docs.pytorch.org/docs/main/generated/torch.nn.Module.html#torch.nn.Module.register_full_backward_hook for more details.
  model.criterion(out, yb).backward()

======================================================================
D_cifar10_fedavg_dir0.1_adaptive_eps4_s0  started 2026-08-18 23:10:57
config: experiments/phase_d/D_cifar10_fedavg_dir0.1_adaptive_eps4_s0.yaml
======================================================================
[D_cifar10_fedavg_dir0.1_adaptive_eps4_s0] model params: 189,130 | train 20000 test 5000
[D_cifar10_fedavg_dir0.1_adaptive_eps4_s0] partition dirichlet | HD mean=0.6282 max=0.8269 | sizes[88,3591]
[D_cifar10_fedavg_dir0.1_adaptive_eps4_s0] DP ON | granularity=sample | schedule=decreasing | target eps=4.0 delta=1e-05 C=1.0
[D_cifar10_fedavg_dir0.1_adaptive_eps4_s0] strategy=fedavg
    DP client  0: n=  494 q=0.1296 steps=   960 sigma=4.7521 -> eps=3.996
    DP client  1: n=   88 q=0.7273 steps=   240 sigma=13.0617 -> eps=4.007
    DP client  2: n= 2251 q=0.0284 steps=  4320 sigma=2.3013 -> eps=3.994
    DP client  3: n=  296 q=0.2162 steps=   600 sigma=6.2168 -> eps=4.006
    DP client  4: n= 1073 q=0.0596 steps=  2040 sigma=3.2294 -> eps=4.005
    DP client  5: n=  161 q=0.3975 steps=   360 sigma=8.8271 -> eps=3.991
    DP client  6: n= 2501 q=0.0256 steps=  4800 sigma=2.1925 -> eps=3.998
    DP client  7: n=  756 q=0.0847 steps=  1440 sigma=3.8240 -> eps=4.003
    DP client  8: n= 2667 q=0.0240 steps=  5040 sigma=2.1127 -> eps=4.006
    DP client  9: n= 1336 q=0.0479 steps=  2520 sigma=2.9031 -> eps=4.001
    DP client 10: n=  714 q=0.0896 steps=  1440 sigma=4.0415 -> eps=4.000
    DP client 11: n= 2868 q=0.0223 steps=  5400 sigma=2.0475 -> eps=3.992
    DP client 12: n=  240 q=0.2667 steps=   480 sigma=6.8549 -> eps=4.001
    DP client 13: n=  964 q=0.0664 steps=  1920 sigma=3.4759 -> eps=4.002
    DP client 14: n= 3591 q=0.0178 steps=  6840 sigma=1.8590 -> eps=4.008
    time-adaptive schedule 'decreasing': shape 0.817 to 1.226, scale calibrated per client against the accountant
      client  0: sigma 3.888-5.833 -> realised eps=3.9953 against a target of 4.0
      client  1: sigma 10.699-16.049 -> realised eps=3.9964 against a target of 4.0
      client  2: sigma 1.884-2.826 -> realised eps=4.0026 against a target of 4.0
      client 14: sigma 1.528-2.293 -> realised eps=4.0025 against a target of 4.0
  round   1  test_acc=0.0946  client_acc_var=0.01427
  round   2  test_acc=0.1032  client_acc_var=0.02295
  round   3  test_acc=0.1046  client_acc_var=0.02223
  round   4  test_acc=0.1076  client_acc_var=0.02141
  round   5  test_acc=0.1102  client_acc_var=0.02054
  round   6  test_acc=0.1184  client_acc_var=0.01835
  round   7  test_acc=0.1152  client_acc_var=0.02088
  round   8  test_acc=0.1198  client_acc_var=0.01872
  round   9  test_acc=0.1182  client_acc_var=0.01973
  round  10  test_acc=0.1216  client_acc_var=0.01995
  round  11  test_acc=0.1314  client_acc_var=0.01739
  round  12  test_acc=0.1416  client_acc_var=0.01615
  round  13  test_acc=0.1364  client_acc_var=0.01763
  round  14  test_acc=0.1476  client_acc_var=0.01400
  round  15  test_acc=0.1386  client_acc_var=0.01756
  round  16  test_acc=0.1538  client_acc_var=0.01337
  round  17  test_acc=0.1674  client_acc_var=0.01268
  round  18  test_acc=0.1768  client_acc_var=0.01355
  round  19  test_acc=0.1866  client_acc_var=0.00868
  round  20  test_acc=0.1804  client_acc_var=0.01192
  round  21  test_acc=0.1864  client_acc_var=0.01089
  round  22  test_acc=0.1996  client_acc_var=0.00816
  round  23  test_acc=0.1982  client_acc_var=0.00916
  round  24  test_acc=0.1960  client_acc_var=0.00826
  round  25  test_acc=0.2046  client_acc_var=0.00935
  round  26  test_acc=0.2210  client_acc_var=0.00671
  round  27  test_acc=0.2122  client_acc_var=0.00892
  round  28  test_acc=0.2172  client_acc_var=0.00881
  round  29  test_acc=0.2150  client_acc_var=0.00880
  round  30  test_acc=0.2266  client_acc_var=0.00685
  round  31  test_acc=0.2236  client_acc_var=0.00857
  round  32  test_acc=0.2212  client_acc_var=0.00820
  round  33  test_acc=0.2220  client_acc_var=0.00826
  round  34  test_acc=0.2270  client_acc_var=0.00842
  round  35  test_acc=0.2272  client_acc_var=0.00829
  round  36  test_acc=0.2248  client_acc_var=0.00868
  round  37  test_acc=0.2194  client_acc_var=0.01014
  round  38  test_acc=0.2274  client_acc_var=0.00734
  round  39  test_acc=0.2328  client_acc_var=0.00784
  round  40  test_acc=0.2300  client_acc_var=0.00798
  round  41  test_acc=0.2394  client_acc_var=0.00717
  round  42  test_acc=0.2368  client_acc_var=0.00719
  round  43  test_acc=0.2342  client_acc_var=0.00883
  round  44  test_acc=0.2376  client_acc_var=0.00698
  round  45  test_acc=0.2396  client_acc_var=0.00668
  round  46  test_acc=0.2334  client_acc_var=0.00669
  round  47  test_acc=0.2388  client_acc_var=0.00792
  round  48  test_acc=0.2414  client_acc_var=0.00744
  round  49  test_acc=0.2412  client_acc_var=0.00832
  round  50  test_acc=0.2428  client_acc_var=0.00702
  round  51  test_acc=0.2446  client_acc_var=0.00860
  round  52  test_acc=0.2484  client_acc_var=0.00668
  round  53  test_acc=0.2470  client_acc_var=0.00638
  round  54  test_acc=0.2480  client_acc_var=0.00621
  round  55  test_acc=0.2458  client_acc_var=0.00689
  round  56  test_acc=0.2550  client_acc_var=0.00607
  round  57  test_acc=0.2568  client_acc_var=0.00545
  round  58  test_acc=0.2548  client_acc_var=0.00651
  round  59  test_acc=0.2434  client_acc_var=0.00749
  round  60  test_acc=0.2598  client_acc_var=0.00648
[D_cifar10_fedavg_dir0.1_adaptive_eps4_s0] wall-clock: 65.6 min (65.6 s/round)
[D_cifar10_fedavg_dir0.1_adaptive_eps4_s0] done -> /Users/abdul/Documents/MSc. Project/fl-privacy-noniid/results/D_cifar10_fedavg_dir0.1_adaptive_eps4_s0
W0819 00:16:59.161000 96978 .venv/lib/python3.14/site-packages/torch/distributed/elastic/multiprocessing/redirects.py:35] NOTE: Redirects are currently not supported in MacOs.
/Users/abdul/Documents/MSc. Project/fl-privacy-noniid/.venv/lib/python3.14/site-packages/opacus/accountants/analysis/rdp.py:332: UserWarning: Optimal order is the smallest alpha. Please consider expanding the range of alphas to get a tighter privacy bound.
  warnings.warn(
/Users/abdul/Documents/MSc. Project/fl-privacy-noniid/.venv/lib/python3.14/site-packages/opacus/accountants/analysis/rdp.py:332: UserWarning: Optimal order is the largest alpha. Please consider expanding the range of alphas to get a tighter privacy bound.
  warnings.warn(
/Users/abdul/Documents/MSc. Project/fl-privacy-noniid/flcore/dp_local.py:135: UserWarning: Full backward hook is firing when gradients are computed with respect to module outputs since no inputs require gradients. See https://docs.pytorch.org/docs/main/generated/torch.nn.Module.html#torch.nn.Module.register_full_backward_hook for more details.
  model.criterion(out, yb).backward()

======================================================================
D_cifar10_fedavg_dir0.1_adaptive_eps8_s0  started 2026-08-19 00:16:41
config: experiments/phase_d/D_cifar10_fedavg_dir0.1_adaptive_eps8_s0.yaml
======================================================================
[D_cifar10_fedavg_dir0.1_adaptive_eps8_s0] model params: 189,130 | train 20000 test 5000
[D_cifar10_fedavg_dir0.1_adaptive_eps8_s0] partition dirichlet | HD mean=0.6282 max=0.8269 | sizes[88,3591]
[D_cifar10_fedavg_dir0.1_adaptive_eps8_s0] DP ON | granularity=sample | schedule=decreasing | target eps=8.0 delta=1e-05 C=1.0
[D_cifar10_fedavg_dir0.1_adaptive_eps8_s0] strategy=fedavg
    DP client  0: n=  494 q=0.1296 steps=   960 sigma=2.6928 -> eps=7.996
    DP client  1: n=   88 q=0.7273 steps=   240 sigma=7.2319 -> eps=7.993
    DP client  2: n= 2251 q=0.0284 steps=  4320 sigma=1.3913 -> eps=8.007
    DP client  3: n=  296 q=0.2162 steps=   600 sigma=3.4904 -> eps=8.003
    DP client  4: n= 1073 q=0.0596 steps=  2040 sigma=1.8807 -> eps=8.002
    DP client  5: n=  161 q=0.3975 steps=   360 sigma=4.8971 -> eps=8.002
    DP client  6: n= 2501 q=0.0256 steps=  4800 sigma=1.3369 -> eps=8.001
    DP client  7: n=  756 q=0.0847 steps=  1440 sigma=2.1961 -> eps=8.003
    DP client  8: n= 2667 q=0.0240 steps=  5040 sigma=1.2970 -> eps=8.008
    DP client  9: n= 1336 q=0.0479 steps=  2520 sigma=1.7067 -> eps=8.005
    DP client 10: n=  714 q=0.0896 steps=  1440 sigma=2.3121 -> eps=7.997
    DP client 11: n= 2868 q=0.0223 steps=  5400 sigma=1.2626 -> eps=7.991
    DP client 12: n=  240 q=0.2667 steps=   480 sigma=3.8312 -> eps=8.007
    DP client 13: n=  964 q=0.0664 steps=  1920 sigma=2.0112 -> eps=7.994
    DP client 14: n= 3591 q=0.0178 steps=  6840 sigma=1.1683 -> eps=8.004
    time-adaptive schedule 'decreasing': shape 0.817 to 1.226, scale calibrated per client against the accountant
      client  0: sigma 2.207-3.310 -> realised eps=7.9973 against a target of 8.0
      client  1: sigma 5.908-8.862 -> realised eps=7.9982 against a target of 8.0
      client  2: sigma 1.148-1.723 -> realised eps=7.9987 against a target of 8.0
      client 14: sigma 0.968-1.451 -> realised eps=8.0001 against a target of 8.0
  round   1  test_acc=0.0944  client_acc_var=0.01452
  round   2  test_acc=0.1030  client_acc_var=0.02282
  round   3  test_acc=0.1058  client_acc_var=0.02255
  round   4  test_acc=0.1068  client_acc_var=0.02166
  round   5  test_acc=0.1096  client_acc_var=0.02117
  round   6  test_acc=0.1156  client_acc_var=0.02015
  round   7  test_acc=0.1144  client_acc_var=0.02091
  round   8  test_acc=0.1206  client_acc_var=0.01954
  round   9  test_acc=0.1172  client_acc_var=0.02008
  round  10  test_acc=0.1218  client_acc_var=0.02003
  round  11  test_acc=0.1298  client_acc_var=0.01979
  round  12  test_acc=0.1448  client_acc_var=0.01845
  round  13  test_acc=0.1408  client_acc_var=0.01903
  round  14  test_acc=0.1468  client_acc_var=0.01723
  round  15  test_acc=0.1416  client_acc_var=0.01836
  round  16  test_acc=0.1572  client_acc_var=0.01516
  round  17  test_acc=0.1660  client_acc_var=0.01385
  round  18  test_acc=0.1758  client_acc_var=0.01455
  round  19  test_acc=0.1880  client_acc_var=0.01013
  round  20  test_acc=0.1858  client_acc_var=0.01202
  round  21  test_acc=0.1912  client_acc_var=0.01081
  round  22  test_acc=0.2034  client_acc_var=0.00924
  round  23  test_acc=0.2048  client_acc_var=0.00997
  round  24  test_acc=0.2048  client_acc_var=0.00862
  round  25  test_acc=0.2074  client_acc_var=0.00993
  round  26  test_acc=0.2184  client_acc_var=0.00735
  round  27  test_acc=0.2126  client_acc_var=0.00960
  round  28  test_acc=0.2176  client_acc_var=0.00876
  round  29  test_acc=0.2176  client_acc_var=0.00896
  round  30  test_acc=0.2254  client_acc_var=0.00798
  round  31  test_acc=0.2234  client_acc_var=0.00861
  round  32  test_acc=0.2224  client_acc_var=0.00840
  round  33  test_acc=0.2258  client_acc_var=0.00836
  round  34  test_acc=0.2244  client_acc_var=0.00836
  round  35  test_acc=0.2306  client_acc_var=0.00792
  round  36  test_acc=0.2294  client_acc_var=0.00842
  round  37  test_acc=0.2246  client_acc_var=0.00943
  round  38  test_acc=0.2316  client_acc_var=0.00828
  round  39  test_acc=0.2342  client_acc_var=0.00818
  round  40  test_acc=0.2316  client_acc_var=0.00837
  round  41  test_acc=0.2418  client_acc_var=0.00745
  round  42  test_acc=0.2354  client_acc_var=0.00794
  round  43  test_acc=0.2340  client_acc_var=0.00893
  round  44  test_acc=0.2402  client_acc_var=0.00744
  round  45  test_acc=0.2394  client_acc_var=0.00778
  round  46  test_acc=0.2368  client_acc_var=0.00739
  round  47  test_acc=0.2416  client_acc_var=0.00762
  round  48  test_acc=0.2412  client_acc_var=0.00789
  round  49  test_acc=0.2460  client_acc_var=0.00767
  round  50  test_acc=0.2428  client_acc_var=0.00741
  round  51  test_acc=0.2480  client_acc_var=0.00820
  round  52  test_acc=0.2468  client_acc_var=0.00757
  round  53  test_acc=0.2506  client_acc_var=0.00672
  round  54  test_acc=0.2458  client_acc_var=0.00710
  round  55  test_acc=0.2458  client_acc_var=0.00765
  round  56  test_acc=0.2532  client_acc_var=0.00696
  round  57  test_acc=0.2566  client_acc_var=0.00683
  round  58  test_acc=0.2542  client_acc_var=0.00737
  round  59  test_acc=0.2492  client_acc_var=0.00799
  round  60  test_acc=0.2552  client_acc_var=0.00744
[D_cifar10_fedavg_dir0.1_adaptive_eps8_s0] wall-clock: 67.8 min (67.8 s/round)
[D_cifar10_fedavg_dir0.1_adaptive_eps8_s0] done -> /Users/abdul/Documents/MSc. Project/fl-privacy-noniid/results/D_cifar10_fedavg_dir0.1_adaptive_eps8_s0
W0819 01:24:52.578000 34120 .venv/lib/python3.14/site-packages/torch/distributed/elastic/multiprocessing/redirects.py:35] NOTE: Redirects are currently not supported in MacOs.
/Users/abdul/Documents/MSc. Project/fl-privacy-noniid/.venv/lib/python3.14/site-packages/opacus/accountants/analysis/rdp.py:332: UserWarning: Optimal order is the smallest alpha. Please consider expanding the range of alphas to get a tighter privacy bound.
  warnings.warn(
/Users/abdul/Documents/MSc. Project/fl-privacy-noniid/.venv/lib/python3.14/site-packages/opacus/accountants/analysis/rdp.py:332: UserWarning: Optimal order is the largest alpha. Please consider expanding the range of alphas to get a tighter privacy bound.
  warnings.warn(
PHASE D - GRANULARITY OF DIFFERENTIAL PRIVACY

mechanism and completeness
  ok   clientdp_eps1_s0       60 rounds, final 10.00%
  ok   clientdp_eps4_s0       60 rounds, final 8.38%
  ok   clientdp_eps8_s0       60 rounds, final 11.12%
  ok   adaptive_eps1_s0       60 rounds, final 24.40%
  ok   adaptive_eps4_s0       60 rounds, final 25.98%
  ok   adaptive_eps8_s0       60 rounds, final 25.52%
  ok   sampledp_eps1_s0       60 rounds, final 23.62%
  ok   none_s0                60 rounds, final 43.42%
  ok   diag uniform_s0        60 rounds, final 38.88%

controls against their twins
  ok   none_s0                vs A_cifar10_fedavg_dir0.1_s0: max diff 0.00e+00
  ok   sampledp_eps1_s0       vs B_cifar10_fedavg_dir0.1_eps1_s0: max diff 0.00e+00

arms that should differ, do
  ok   time-adaptive vs constant schedule at eps=1: max difference 1.52 points

time-adaptive: realised epsilon recomputed from the actual schedule
  eps=1: realised 1.0100 at the worst client, OVERSPENDS by 0.0100
  eps=4: realised 4.0366 at the worst client, OVERSPENDS by 0.0366
  eps=8: realised 8.1959 at the worst client, OVERSPENDS by 0.1959   <-- schedule does not land on its budget

results
  unprotected, weighted averaging    43.42%
  unprotected, uniform averaging     38.88%   <- the re-weighting alone costs +4.54 points
  sample-level   eps=1:  23.62%  (best 23.62% at round 60)
  client-level   eps=1:  10.00%  (best 10.96% at round 17)
  client-level   eps=4:   8.38%  (best 13.32% at round 47)
  client-level   eps=8:  11.12%  (best 13.84% at round 17)
  time-adaptive  eps=1:  24.40%  (best 24.40% at round 60)
  time-adaptive  eps=4:  25.98%  (best 25.98% at round 60)
  time-adaptive  eps=8:  25.52%  (best 25.66% at round 57)

FAIL - see above
