
======================================================================
D_cifar10_fedavg_dir0.1_clientdp_eps4_s0  started 2026-08-18 04:09:11
config: experiments/phase_d/D_cifar10_fedavg_dir0.1_clientdp_eps4_s0.yaml
======================================================================
[D_cifar10_fedavg_dir0.1_clientdp_eps4_s0] model params: 189,130 | train 20000 test 5000
[D_cifar10_fedavg_dir0.1_clientdp_eps4_s0] partition dirichlet | HD mean=0.6282 max=0.8269 | sizes[88,3591]
[D_cifar10_fedavg_dir0.1_clientdp_eps4_s0] DP-SGD on: target eps=4.0 delta=1e-05 C=0.357398
[D_cifar10_fedavg_dir0.1_clientdp_eps4_s0] strategy=fedavg
    DP client  0: n=  494 q=0.1296 steps=   960 sigma=4.7521 -> eps=3.996
    DP client  1: n=   88 q=0.7273 steps=   240 sigma=13.0617 -> eps=4.007
    DP client  2: n= 2251 q=0.0284 steps=  4320 sigma=2.3013 -> eps=3.994
    DP client  3: n=  296 q=0.2162 steps=   600 sigma=6.2168 -> eps=4.006
    DP client  4: n= 1073 q=0.0596 steps=  2040 sigma=3.2294 -> eps=4.005
    DP client  5: n=  161 q=0.3975 steps=   360 sigma=8.8271 -> eps=3.991
    DP client  6: n= 2501 q=0.0256 steps=  4800 sigma=2.1925 -> eps=3.998
    DP client  7: n=  756 q=0.0847 steps=  1440 sigma=3.8240 -> eps=4.003
    DP client  8: n= 2667 q=0.0240 steps=  5040 sigma=2.1127 -> eps=4.006
    DP client  9: n= 1336 q=0.0479 steps=  2520 sigma=2.9031 -> eps=4.001
    DP client 10: n=  714 q=0.0896 steps=  1440 sigma=4.0415 -> eps=4.000
    DP client 11: n= 2868 q=0.0223 steps=  5400 sigma=2.0475 -> eps=3.992
    DP client 12: n=  240 q=0.2667 steps=   480 sigma=6.8549 -> eps=4.001
    DP client 13: n=  964 q=0.0664 steps=  1920 sigma=3.4759 -> eps=4.002
    DP client 14: n= 3591 q=0.0178 steps=  6840 sigma=1.8590 -> eps=4.008
  round   1  test_acc=0.0906  client_acc_var=0.01217
  round   2  test_acc=0.0966  client_acc_var=0.01070
  round   3  test_acc=0.1038  client_acc_var=0.01381
  round   4  test_acc=0.1080  client_acc_var=0.01662
  round   5  test_acc=0.1132  client_acc_var=0.01661
  round   6  test_acc=0.1190  client_acc_var=0.01511
  round   7  test_acc=0.1196  client_acc_var=0.01758
  round   8  test_acc=0.1216  client_acc_var=0.01707
  round   9  test_acc=0.1200  client_acc_var=0.01800
  round  10  test_acc=0.1202  client_acc_var=0.01767
  round  11  test_acc=0.1244  client_acc_var=0.01696
  round  12  test_acc=0.1260  client_acc_var=0.01555
  round  13  test_acc=0.1244  client_acc_var=0.01639
  round  14  test_acc=0.1276  client_acc_var=0.01553
  round  15  test_acc=0.1244  client_acc_var=0.01613
  round  16  test_acc=0.1270  client_acc_var=0.01557
  round  17  test_acc=0.1270  client_acc_var=0.01507
  round  18  test_acc=0.1288  client_acc_var=0.01528
  round  19  test_acc=0.1322  client_acc_var=0.01387
  round  20  test_acc=0.1306  client_acc_var=0.01465
  round  21  test_acc=0.1344  client_acc_var=0.01538
  round  22  test_acc=0.1356  client_acc_var=0.01465
  round  23  test_acc=0.1384  client_acc_var=0.01444
  round  24  test_acc=0.1396  client_acc_var=0.01427
  round  25  test_acc=0.1404  client_acc_var=0.01532
  round  26  test_acc=0.1426  client_acc_var=0.01436
  round  27  test_acc=0.1440  client_acc_var=0.01584
  round  28  test_acc=0.1494  client_acc_var=0.01471
  round  29  test_acc=0.1548  client_acc_var=0.01475
  round  30  test_acc=0.1534  client_acc_var=0.01357
  round  31  test_acc=0.1598  client_acc_var=0.01371
  round  32  test_acc=0.1658  client_acc_var=0.01351
  round  33  test_acc=0.1688  client_acc_var=0.01283
  round  34  test_acc=0.1682  client_acc_var=0.01360
  round  35  test_acc=0.1718  client_acc_var=0.01286
  round  36  test_acc=0.1730  client_acc_var=0.01271
  round  37  test_acc=0.1708  client_acc_var=0.01403
  round  38  test_acc=0.1766  client_acc_var=0.01266
  round  39  test_acc=0.1810  client_acc_var=0.01204
  round  40  test_acc=0.1828  client_acc_var=0.01257
  round  41  test_acc=0.1862  client_acc_var=0.01139
  round  42  test_acc=0.1854  client_acc_var=0.01254
  round  43  test_acc=0.1874  client_acc_var=0.01256
  round  44  test_acc=0.1898  client_acc_var=0.01118
  round  45  test_acc=0.1910  client_acc_var=0.01128
  round  46  test_acc=0.1892  client_acc_var=0.01107
  round  47  test_acc=0.1950  client_acc_var=0.01132
  round  48  test_acc=0.1916  client_acc_var=0.01149
  round  49  test_acc=0.1940  client_acc_var=0.01096
  round  50  test_acc=0.1936  client_acc_var=0.01290
  round  51  test_acc=0.1982  client_acc_var=0.01190
  round  52  test_acc=0.1988  client_acc_var=0.01077
  round  53  test_acc=0.1942  client_acc_var=0.01172
  round  54  test_acc=0.1966  client_acc_var=0.01205
  round  55  test_acc=0.2034  client_acc_var=0.01155
  round  56  test_acc=0.2004  client_acc_var=0.01139
  round  57  test_acc=0.2056  client_acc_var=0.01093
  round  58  test_acc=0.2066  client_acc_var=0.01113
  round  59  test_acc=0.2074  client_acc_var=0.01300
  round  60  test_acc=0.2110  client_acc_var=0.01038
[D_cifar10_fedavg_dir0.1_clientdp_eps4_s0] wall-clock: 64.8 min (64.8 s/round)
[D_cifar10_fedavg_dir0.1_clientdp_eps4_s0] done -> /Users/abdul/Documents/MSc. Project/fl-privacy-noniid/results/D_cifar10_fedavg_dir0.1_clientdp_eps4_s0

======================================================================
D_cifar10_fedavg_dir0.1_clientdp_eps4_s0  started 2026-08-18 11:07:43
config: experiments/phase_d/D_cifar10_fedavg_dir0.1_clientdp_eps4_s0.yaml
======================================================================
[D_cifar10_fedavg_dir0.1_clientdp_eps4_s0] model params: 189,130 | train 20000 test 5000
[D_cifar10_fedavg_dir0.1_clientdp_eps4_s0] partition dirichlet | HD mean=0.6282 max=0.8269 | sizes[88,3591]
[D_cifar10_fedavg_dir0.1_clientdp_eps4_s0] resuming from round 60
[D_cifar10_fedavg_dir0.1_clientdp_eps4_s0] DP ON | granularity=client | schedule=constant | target eps=4.0 delta=1e-05 C=0.357398
[D_cifar10_fedavg_dir0.1_clientdp_eps4_s0] strategy=fedavg
    client-level DP: C=0.3574 sigma=8.9722 -> eps=3.997 over 60 rounds at sampling rate 1.0
    noise std on the mean = sigma*C/N = 0.21378; averaging is UNIFORM
[D_cifar10_fedavg_dir0.1_clientdp_eps4_s0] wall-clock: 0.0 min (1.1 s/round)
[D_cifar10_fedavg_dir0.1_clientdp_eps4_s0] done -> /Users/abdul/Documents/MSc. Project/fl-privacy-noniid/results/D_cifar10_fedavg_dir0.1_clientdp_eps4_s0
