
======================================================================
D_cifar10_fedavg_dir0.1_adaptive_eps8_s0  started 2026-08-18 08:29:12
config: experiments/phase_d/D_cifar10_fedavg_dir0.1_adaptive_eps8_s0.yaml
======================================================================
[D_cifar10_fedavg_dir0.1_adaptive_eps8_s0] model params: 189,130 | train 20000 test 5000
[D_cifar10_fedavg_dir0.1_adaptive_eps8_s0] partition dirichlet | HD mean=0.6282 max=0.8269 | sizes[88,3591]
[D_cifar10_fedavg_dir0.1_adaptive_eps8_s0] DP-SGD on: target eps=8.0 delta=1e-05 C=1.0
[D_cifar10_fedavg_dir0.1_adaptive_eps8_s0] strategy=fedavg
    DP client  0: n=  494 q=0.1296 steps=   960 sigma=2.6928 -> eps=7.996
    DP client  1: n=   88 q=0.7273 steps=   240 sigma=7.2319 -> eps=7.993
    DP client  2: n= 2251 q=0.0284 steps=  4320 sigma=1.3913 -> eps=8.007
    DP client  3: n=  296 q=0.2162 steps=   600 sigma=3.4904 -> eps=8.003
    DP client  4: n= 1073 q=0.0596 steps=  2040 sigma=1.8807 -> eps=8.002
    DP client  5: n=  161 q=0.3975 steps=   360 sigma=4.8971 -> eps=8.002
    DP client  6: n= 2501 q=0.0256 steps=  4800 sigma=1.3369 -> eps=8.001
    DP client  7: n=  756 q=0.0847 steps=  1440 sigma=2.1961 -> eps=8.003
    DP client  8: n= 2667 q=0.0240 steps=  5040 sigma=1.2970 -> eps=8.008
    DP client  9: n= 1336 q=0.0479 steps=  2520 sigma=1.7067 -> eps=8.005
    DP client 10: n=  714 q=0.0896 steps=  1440 sigma=2.3121 -> eps=7.997
    DP client 11: n= 2868 q=0.0223 steps=  5400 sigma=1.2626 -> eps=7.991
    DP client 12: n=  240 q=0.2667 steps=   480 sigma=3.8312 -> eps=8.007
    DP client 13: n=  964 q=0.0664 steps=  1920 sigma=2.0112 -> eps=7.994
    DP client 14: n= 3591 q=0.0178 steps=  6840 sigma=1.1683 -> eps=8.004
  round   1  test_acc=0.0944  client_acc_var=0.01456
  round   2  test_acc=0.1028  client_acc_var=0.02286
  round   3  test_acc=0.1054  client_acc_var=0.02265
  round   4  test_acc=0.1060  client_acc_var=0.02169
  round   5  test_acc=0.1088  client_acc_var=0.02117
  round   6  test_acc=0.1148  client_acc_var=0.02025
  round   7  test_acc=0.1138  client_acc_var=0.02096
  round   8  test_acc=0.1196  client_acc_var=0.01987
  round   9  test_acc=0.1182  client_acc_var=0.01991
  round  10  test_acc=0.1226  client_acc_var=0.02014
  round  11  test_acc=0.1308  client_acc_var=0.01997
  round  12  test_acc=0.1428  client_acc_var=0.01843
  round  13  test_acc=0.1408  client_acc_var=0.01911
  round  14  test_acc=0.1458  client_acc_var=0.01754
  round  15  test_acc=0.1416  client_acc_var=0.01842
  round  16  test_acc=0.1586  client_acc_var=0.01540
  round  17  test_acc=0.1684  client_acc_var=0.01449
  round  18  test_acc=0.1770  client_acc_var=0.01486
  round  19  test_acc=0.1882  client_acc_var=0.01053
  round  20  test_acc=0.1866  client_acc_var=0.01185
  round  21  test_acc=0.1906  client_acc_var=0.01084
  round  22  test_acc=0.2042  client_acc_var=0.00944
  round  23  test_acc=0.2040  client_acc_var=0.01031
  round  24  test_acc=0.2052  client_acc_var=0.00875
  round  25  test_acc=0.2066  client_acc_var=0.01017
  round  26  test_acc=0.2186  client_acc_var=0.00780
  round  27  test_acc=0.2136  client_acc_var=0.00982
  round  28  test_acc=0.2174  client_acc_var=0.00876
  round  29  test_acc=0.2180  client_acc_var=0.00916
  round  30  test_acc=0.2278  client_acc_var=0.00800
  round  31  test_acc=0.2258  client_acc_var=0.00872
  round  32  test_acc=0.2222  client_acc_var=0.00848
  round  33  test_acc=0.2266  client_acc_var=0.00862
  round  34  test_acc=0.2254  client_acc_var=0.00849
  round  35  test_acc=0.2304  client_acc_var=0.00796
  round  36  test_acc=0.2304  client_acc_var=0.00869
  round  37  test_acc=0.2260  client_acc_var=0.00950
  round  38  test_acc=0.2310  client_acc_var=0.00828
  round  39  test_acc=0.2332  client_acc_var=0.00806
  round  40  test_acc=0.2296  client_acc_var=0.00869
  round  41  test_acc=0.2428  client_acc_var=0.00768
  round  42  test_acc=0.2354  client_acc_var=0.00822
  round  43  test_acc=0.2356  client_acc_var=0.00905
  round  44  test_acc=0.2386  client_acc_var=0.00771
  round  45  test_acc=0.2386  client_acc_var=0.00786
  round  46  test_acc=0.2360  client_acc_var=0.00762
  round  47  test_acc=0.2404  client_acc_var=0.00797
  round  48  test_acc=0.2406  client_acc_var=0.00807
  round  49  test_acc=0.2460  client_acc_var=0.00777
  round  50  test_acc=0.2424  client_acc_var=0.00767
  round  51  test_acc=0.2488  client_acc_var=0.00853
  round  52  test_acc=0.2452  client_acc_var=0.00779
  round  53  test_acc=0.2496  client_acc_var=0.00709
  round  54  test_acc=0.2446  client_acc_var=0.00730
  round  55  test_acc=0.2430  client_acc_var=0.00775
  round  56  test_acc=0.2512  client_acc_var=0.00691
  round  57  test_acc=0.2548  client_acc_var=0.00666
  round  58  test_acc=0.2540  client_acc_var=0.00762
  round  59  test_acc=0.2466  client_acc_var=0.00804
  round  60  test_acc=0.2552  client_acc_var=0.00743
[D_cifar10_fedavg_dir0.1_adaptive_eps8_s0] wall-clock: 65.4 min (65.4 s/round)
[D_cifar10_fedavg_dir0.1_adaptive_eps8_s0] done -> /Users/abdul/Documents/MSc. Project/fl-privacy-noniid/results/D_cifar10_fedavg_dir0.1_adaptive_eps8_s0

======================================================================
D_cifar10_fedavg_dir0.1_adaptive_eps8_s0  started 2026-08-18 11:08:27
config: experiments/phase_d/D_cifar10_fedavg_dir0.1_adaptive_eps8_s0.yaml
======================================================================
[D_cifar10_fedavg_dir0.1_adaptive_eps8_s0] model params: 189,130 | train 20000 test 5000
[D_cifar10_fedavg_dir0.1_adaptive_eps8_s0] partition dirichlet | HD mean=0.6282 max=0.8269 | sizes[88,3591]
[D_cifar10_fedavg_dir0.1_adaptive_eps8_s0] resuming from round 60
[D_cifar10_fedavg_dir0.1_adaptive_eps8_s0] DP ON | granularity=sample | schedule=decreasing | target eps=8.0 delta=1e-05 C=1.0
[D_cifar10_fedavg_dir0.1_adaptive_eps8_s0] strategy=fedavg
    DP client  0: n=  494 q=0.1296 steps=   960 sigma=2.6928 -> eps=7.996
    DP client  1: n=   88 q=0.7273 steps=   240 sigma=7.2319 -> eps=7.993
    DP client  2: n= 2251 q=0.0284 steps=  4320 sigma=1.3913 -> eps=8.007
    DP client  3: n=  296 q=0.2162 steps=   600 sigma=3.4904 -> eps=8.003
    DP client  4: n= 1073 q=0.0596 steps=  2040 sigma=1.8807 -> eps=8.002
    DP client  5: n=  161 q=0.3975 steps=   360 sigma=4.8971 -> eps=8.002
    DP client  6: n= 2501 q=0.0256 steps=  4800 sigma=1.3369 -> eps=8.001
    DP client  7: n=  756 q=0.0847 steps=  1440 sigma=2.1961 -> eps=8.003
    DP client  8: n= 2667 q=0.0240 steps=  5040 sigma=1.2970 -> eps=8.008
    DP client  9: n= 1336 q=0.0479 steps=  2520 sigma=1.7067 -> eps=8.005
    DP client 10: n=  714 q=0.0896 steps=  1440 sigma=2.3121 -> eps=7.997
    DP client 11: n= 2868 q=0.0223 steps=  5400 sigma=1.2626 -> eps=7.991
    DP client 12: n=  240 q=0.2667 steps=   480 sigma=3.8312 -> eps=8.007
    DP client 13: n=  964 q=0.0664 steps=  1920 sigma=2.0112 -> eps=7.994
    DP client 14: n= 3591 q=0.0178 steps=  6840 sigma=1.1683 -> eps=8.004
    time-adaptive schedule 'decreasing': multiplier 0.817 to 1.226
      client  0: realised eps=8.0274 against a target of 8.0
      client  1: realised eps=7.9961 against a target of 8.0
      client  2: realised eps=8.1272 against a target of 8.0
      client 14: realised eps=8.1959 against a target of 8.0
[D_cifar10_fedavg_dir0.1_adaptive_eps8_s0] wall-clock: 0.4 min (21.0 s/round)
[D_cifar10_fedavg_dir0.1_adaptive_eps8_s0] done -> /Users/abdul/Documents/MSc. Project/fl-privacy-noniid/results/D_cifar10_fedavg_dir0.1_adaptive_eps8_s0
