
======================================================================
C_cifar10_fedavg_dir0.1_secagg_s0  started 2026-08-16 23:28:28
config: experiments/phase_c/C_cifar10_fedavg_dir0.1_secagg_s0.yaml
======================================================================
[C_cifar10_fedavg_dir0.1_secagg_s0] model params: 189,130 | train 20000 test 5000
[C_cifar10_fedavg_dir0.1_secagg_s0] partition dirichlet | HD mean=0.6282 max=0.8269 | sizes[88,3591]
[C_cifar10_fedavg_dir0.1_secagg_s0] secure aggregation on: pairwise masking
[C_cifar10_fedavg_dir0.1_secagg_s0] strategy=fedavg
    secure aggregation ON: pairwise masking over 15 clients, 105 pairs per round
  round   1  test_acc=0.1512  client_acc_var=0.01844
  round   2  test_acc=0.1864  client_acc_var=0.02142
  round   3  test_acc=0.1848  client_acc_var=0.02890
  round   4  test_acc=0.2058  client_acc_var=0.02719
  round   5  test_acc=0.2222  client_acc_var=0.03078
  round   6  test_acc=0.2326  client_acc_var=0.03229
  round   7  test_acc=0.2540  client_acc_var=0.02951
  round   8  test_acc=0.2638  client_acc_var=0.02627
  round   9  test_acc=0.2780  client_acc_var=0.02390
  round  10  test_acc=0.2796  client_acc_var=0.02687
  round  11  test_acc=0.2840  client_acc_var=0.02719
  round  12  test_acc=0.2898  client_acc_var=0.02555
  round  13  test_acc=0.3094  client_acc_var=0.01661
  round  14  test_acc=0.3030  client_acc_var=0.02015
  round  15  test_acc=0.3140  client_acc_var=0.02195
  round  16  test_acc=0.2936  client_acc_var=0.02696
  round  17  test_acc=0.3254  client_acc_var=0.01865
  round  18  test_acc=0.3210  client_acc_var=0.02204
  round  19  test_acc=0.3384  client_acc_var=0.01944
  round  20  test_acc=0.3434  client_acc_var=0.01578
  round  21  test_acc=0.3414  client_acc_var=0.01535
  round  22  test_acc=0.3190  client_acc_var=0.02533
  round  23  test_acc=0.3310  client_acc_var=0.02620
  round  24  test_acc=0.3398  client_acc_var=0.01946
  round  25  test_acc=0.3598  client_acc_var=0.01359
  round  26  test_acc=0.3568  client_acc_var=0.01786
  round  27  test_acc=0.3642  client_acc_var=0.00926
  round  28  test_acc=0.3652  client_acc_var=0.01646
  round  29  test_acc=0.3792  client_acc_var=0.00956
  round  30  test_acc=0.3690  client_acc_var=0.01349
  round  31  test_acc=0.3784  client_acc_var=0.01462
  round  32  test_acc=0.3776  client_acc_var=0.01474
  round  33  test_acc=0.3626  client_acc_var=0.01686
  round  34  test_acc=0.3914  client_acc_var=0.01077
  round  35  test_acc=0.3830  client_acc_var=0.01271
  round  36  test_acc=0.3866  client_acc_var=0.01062
  round  37  test_acc=0.3954  client_acc_var=0.00946
  round  38  test_acc=0.3824  client_acc_var=0.01081
  round  39  test_acc=0.4118  client_acc_var=0.00646
  round  40  test_acc=0.3862  client_acc_var=0.01264
  round  41  test_acc=0.3862  client_acc_var=0.01460
  round  42  test_acc=0.4062  client_acc_var=0.01126
  round  43  test_acc=0.4090  client_acc_var=0.00868
  round  44  test_acc=0.4214  client_acc_var=0.00449
  round  45  test_acc=0.4116  client_acc_var=0.00961
  round  46  test_acc=0.3978  client_acc_var=0.01523
  round  47  test_acc=0.4080  client_acc_var=0.00899
  round  48  test_acc=0.4196  client_acc_var=0.00689
  round  49  test_acc=0.4138  client_acc_var=0.00818
  round  50  test_acc=0.4010  client_acc_var=0.01226
  round  51  test_acc=0.4204  client_acc_var=0.00742
  round  52  test_acc=0.4114  client_acc_var=0.00875
  round  53  test_acc=0.4098  client_acc_var=0.01193
  round  54  test_acc=0.4192  client_acc_var=0.01001
  round  55  test_acc=0.4222  client_acc_var=0.00658
  round  56  test_acc=0.3978  client_acc_var=0.01356
  round  57  test_acc=0.4244  client_acc_var=0.00923
  round  58  test_acc=0.4188  client_acc_var=0.00761
  round  59  test_acc=0.4200  client_acc_var=0.00853
  round  60  test_acc=0.4322  client_acc_var=0.00709
[C_cifar10_fedavg_dir0.1_secagg_s0] wall-clock: 41.9 min (41.9 s/round)
[C_cifar10_fedavg_dir0.1_secagg_s0] done -> /Users/abdul/Documents/MSc. Project/fl-privacy-noniid/results/C_cifar10_fedavg_dir0.1_secagg_s0
